Component: ARM Compiler 5.06 update 6 (build 750) Tool: armlink [4d35ed]

==============================================================================

Section Cross References

    startup_stm32f10x_hd.o(RESET) refers to startup_stm32f10x_hd.o(STACK) for __initial_sp
    startup_stm32f10x_hd.o(RESET) refers to startup_stm32f10x_hd.o(.text) for Reset_Handler
    startup_stm32f10x_hd.o(RESET) refers to stm32f10x_it.o(.text) for NMI_Handler
    startup_stm32f10x_hd.o(.text) refers to system_stm32f10x.o(.text) for SystemInit
    startup_stm32f10x_hd.o(.text) refers to entry.o(.ARM.Collect$$$$00000000) for __main
    system_stm32f10x.o(.text) refers to system_stm32f10x.o(.data) for SystemCoreClock
    stm32f10x_adc.o(.text) refers to stm32f10x_rcc.o(.text) for RCC_APB2PeriphResetCmd
    stm32f10x_bkp.o(.text) refers to stm32f10x_rcc.o(.text) for RCC_BackupResetCmd
    stm32f10x_can.o(.text) refers to stm32f10x_rcc.o(.text) for RCC_APB1PeriphResetCmd
    stm32f10x_cec.o(.text) refers to stm32f10x_rcc.o(.text) for RCC_APB1PeriphResetCmd
    stm32f10x_dac.o(.text) refers to stm32f10x_rcc.o(.text) for RCC_APB1PeriphResetCmd
    stm32f10x_gpio.o(.text) refers to stm32f10x_rcc.o(.text) for RCC_APB2PeriphResetCmd
    stm32f10x_i2c.o(.text) refers to stm32f10x_rcc.o(.text) for RCC_APB1PeriphResetCmd
    stm32f10x_pwr.o(.text) refers to stm32f10x_rcc.o(.text) for RCC_APB1PeriphResetCmd
    stm32f10x_rcc.o(.text) refers to stm32f10x_rcc.o(.data) for APBAHBPrescTable
    stm32f10x_spi.o(.text) refers to stm32f10x_rcc.o(.text) for RCC_APB2PeriphResetCmd
    stm32f10x_tim.o(.text) refers to stm32f10x_rcc.o(.text) for RCC_APB2PeriphResetCmd
    stm32f10x_usart.o(.text) refers to stm32f10x_rcc.o(.text) for RCC_APB2PeriphResetCmd
    stm32f10x_wwdg.o(.text) refers to stm32f10x_rcc.o(.text) for RCC_APB1PeriphResetCmd
    main.o(.text) refers to bsp_usart.o(.text) for USART_Config
    main.o(.text) refers to oled_i2c.o(.text) for I2C_Configuration
    main.o(.text) refers to key.o(.text) for KEY_GPIO_Config
    main.o(.text) refers to bsp_rtc.o(.text) for RTC_NVIC_Config
    main.o(.text) refers to bsp_timbase.o(.text) for BASIC_TIM_Init
    main.o(.text) refers to bsp_beep .o(.text) for Beep_Config
    main.o(.text) refers to bsp_dht11.o(.text) for DHT11_Init
    main.o(.text) refers to main.o(.data) for dht11_data
    stm32f10x_it.o(.text) refers to stm32f10x_rtc.o(.text) for RTC_GetITStatus
    stm32f10x_it.o(.text) refers to bsp_rtc.o(.text) for Time_Display
    stm32f10x_it.o(.text) refers to stm32f10x_tim.o(.text) for TIM_GetITStatus
    stm32f10x_it.o(.text) refers to oled_i2c.o(.text) for OLED_ShowStr
    stm32f10x_it.o(.text) refers to bsp_dht11.o(.text) for DHT11_Read_TempAndHumidity
    stm32f10x_it.o(.text) refers to main.o(.data) for systmtime
    stm32f10x_it.o(.text) refers to stm32f10x_exti.o(.text) for EXTI_GetFlagStatus
    stm32f10x_it.o(.text) refers to bsp_systick.o(.text) for Delay_ms
    stm32f10x_it.o(.text) refers to stm32f10x_gpio.o(.text) for GPIO_ReadInputDataBit
    stm32f10x_it.o(.text) refers to printf3.o(i.__0printf$3) for __2printf
    stm32f10x_it.o(.text) refers to stm32f10x_it.o(.data) for first_in
    stm32f10x_it.o(.text) refers to stm32f10x_bkp.o(.text) for BKP_WriteBackupRegister
    bsp_calendar.o(.text) refers to bsp_calendar.o(.constdata) for year_code
    bsp_calendar.o(.text) refers to bsp_calendar.o(.data) for sky
    bsp_calendar.o(.data) refers to bsp_calendar.o(.conststring) for .conststring
    bsp_date.o(.text) refers to memcpya.o(.text) for __aeabi_memcpy4
    bsp_date.o(.text) refers to bsp_date.o(.constdata) for .constdata
    bsp_date.o(.text) refers to bsp_date.o(.data) for month_days
    bsp_rtc.o(.text) refers to _scanf_int.o(.text) for _scanf_int
    bsp_rtc.o(.text) refers to misc.o(.text) for NVIC_PriorityGroupConfig
    bsp_rtc.o(.text) refers to stm32f10x_rcc.o(.text) for RCC_APB1PeriphClockCmd
    bsp_rtc.o(.text) refers to stm32f10x_pwr.o(.text) for PWR_BackupAccessCmd
    bsp_rtc.o(.text) refers to stm32f10x_bkp.o(.text) for BKP_DeInit
    bsp_rtc.o(.text) refers to stm32f10x_rtc.o(.text) for RTC_WaitForSynchro
    bsp_rtc.o(.text) refers to bsp_date.o(.text) for GregorianDay
    bsp_rtc.o(.text) refers to printf3.o(i.__0printf$3) for __2printf
    bsp_rtc.o(.text) refers to __0scanf.o(.text) for __0scanf
    bsp_rtc.o(.text) refers to bsp_calendar.o(.text) for GetChinaCalendar
    bsp_rtc.o(.text) refers to printf3.o(i.__0sprintf$3) for __2sprintf
    bsp_rtc.o(.text) refers to oled_i2c.o(.text) for OLED_ShowStr
    bsp_rtc.o(.text) refers to bsp_rtc.o(.conststring) for .conststring
    bsp_rtc.o(.text) refers to bsp_rtc.o(.data) for FirstDisplay
    bsp_rtc.o(.text) refers to main.o(.bss) for str_day
    bsp_rtc.o(.text) refers to main.o(.data) for systmtime
    bsp_rtc.o(.data) refers to bsp_rtc.o(.conststring) for .conststring
    bsp_usart.o(.text) refers to stm32f10x_rcc.o(.text) for RCC_APB2PeriphClockCmd
[...]
    dfixul.o(.text) refers to llushr.o(.text) for __aeabi_llsr
    dfixul.o(.text) refers to llshl.o(.text) for __aeabi_llsl
    init.o(.text) refers to entry5.o(.ARM.Collect$$$$00000004) for __main_after_scatterload
    fgetc_b.o(.text) refers (Special) to iusesemig.o(.text) for __I$use$semihosting$fgetc
    fgetc_b.o(.text) refers (Special) to semi.o(.text) for __semihosting_library_function
    fgetc_b.o(.text) refers to fgetc_b.o(.data) for .data
    fgetc_b.o(.data) refers (Special) to iusesemig.o(.text) for __I$use$semihosting$fgetc
    fgetc_b.o(.data) refers (Special) to semi.o(.text) for __semihosting_library_function
    scanf_char.o(.text) refers to _scanf.o(.text) for __vfscanf
    scanf_char.o(.text) refers to isspace_c.o(.text) for isspace
    depilogue.o(.text) refers to llshl.o(.text) for __aeabi_llsl
    depilogue.o(.text) refers to llushr.o(.text) for __aeabi_llsr
    isspace_c.o(.text) refers to ctype_c.o(.text) for __ctype_lookup
    _scanf.o(.text) refers (Weak) to _scanf_int.o(.text) for _scanf_int
    ctype_c.o(.text) refers to ctype_c.o(.constdata) for .constdata


==============================================================================

Removing Unused input sections from the image.

    Removing startup_stm32f10x_hd.o(HEAP), (512 bytes).
    Removing core_cm3.o(.emb_text), (32 bytes).
    Removing stm32f10x_adc.o(.text), (1102 bytes).
    Removing stm32f10x_can.o(.text), (2544 bytes).
    Removing stm32f10x_cec.o(.text), (288 bytes).
    Removing stm32f10x_crc.o(.text), (72 bytes).
    Removing stm32f10x_dac.o(.text), (396 bytes).
    Removing stm32f10x_dbgmcu.o(.text), (48 bytes).
    Removing stm32f10x_dma.o(.text), (596 bytes).
    Removing stm32f10x_flash.o(.text), (1468 bytes).
    Removing stm32f10x_fsmc.o(.text), (1548 bytes).
    Removing stm32f10x_iwdg.o(.text), (64 bytes).
    Removing stm32f10x_sdio.o(.text), (468 bytes).
    Removing stm32f10x_wwdg.o(.text), (136 bytes).
    Removing resource_port.o(.text), (160 bytes).
    Removing resource_port.o(.bss), (100 bytes).
    Removing dadd.o(.text), (334 bytes).
    Removing dmul.o(.text), (228 bytes).
    Removing ddiv.o(.text), (222 bytes).
    Removing dfixul.o(.text), (48 bytes).
    Removing cdrcmple.o(.text), (48 bytes).
    Removing depilogue.o(.text), (186 bytes).

22 unused section(s) (total 10600 bytes) removed from the image.

==============================================================================

Image Symbol Table

    Local Symbols

    Symbol Name                              Value     Ov Type        Size  Object(Section)

    ../clib/../cmprslib/zerorunl2.c          0x00000000   Number         0  __dczerorl2.o ABSOLUTE
    ../clib/microlib/ctype/ctype.c           0x00000000   Number         0  ctype_c.o ABSOLUTE
    ../clib/microlib/ctype/ctype.c           0x00000000   Number         0  isspace_c.o ABSOLUTE
    ../clib/microlib/ctype/tolower.c         0x00000000   Number         0  tolower.o ABSOLUTE
    ../clib/microlib/division.c              0x00000000   Number         0  uidiv.o ABSOLUTE
    ../clib/microlib/division.c              0x00000000   Number         0  uldiv.o ABSOLUTE
    ../clib/microlib/init/entry.s            0x00000000   Number         0  entry11b.o ABSOLUTE
    ../clib/microlib/init/entry.s            0x00000000   Number         0  entry11a.o ABSOLUTE
    ../clib/microlib/init/entry.s            0x00000000   Number         0  entry2.o ABSOLUTE
    ../clib/microlib/init/entry.s            0x00000000   Number         0  entry.o ABSOLUTE
    ../clib/microlib/init/entry.s            0x00000000   Number         0  entry7a.o ABSOLUTE
    ../clib/microlib/init/entry.s            0x00000000   Number         0  entry8a.o ABSOLUTE
    ../clib/microlib/init/entry.s            0x00000000   Number         0  entry7b.o ABSOLUTE
    ../clib/microlib/init/entry.s            0x00000000   Number         0  entry10b.o ABSOLUTE
    ../clib/microlib/init/entry.s            0x00000000   Number         0  entry10a.o ABSOLUTE
    ../clib/microlib/init/entry.s            0x00000000   Number         0  entry9b.o ABSOLUTE
    ../clib/microlib/init/entry.s            0x00000000   Number         0  entry9a.o ABSOLUTE
    ../clib/microlib/init/entry.s            0x00000000   Number         0  entry8b.o ABSOLUTE
    ../clib/microlib/init/entry.s            0x00000000   Number         0  entry5.o ABSOLUTE
    ../clib/microlib/longlong.c              0x00000000   Number         0  llsshr.o ABSOLUTE
    ../clib/microlib/longlong.c              0x00000000   Number         0  llshl.o ABSOLUTE
    ../clib/microlib/longlong.c              0x00000000   Number         0  llushr.o ABSOLUTE
    ../clib/microlib/printf/printf.c         0x00000000   Number         0  printf8.o ABSOLUTE
    ../clib/microlib/printf/printf.c         0x00000000   Number         0  printf7.o ABSOLUTE
    ../clib/microlib/printf/printf.c         0x00000000   Number         0  printf6.o ABSOLUTE
    ../clib/microlib/printf/printf.c         0x00000000   Number         0  printfa.o ABSOLUTE
    ../clib/microlib/printf/printf.c         0x00000000   Number         0  printf3.o ABSOLUTE
    ../clib/microlib/printf/printf.c         0x00000000   Number         0  printf4.o ABSOLUTE
    ../clib/microlib/printf/printf.c         0x00000000   Number         0  printf2.o ABSOLUTE
    ../clib/microlib/printf/printf.c         0x00000000   Number         0  printf1.o ABSOLUTE
    ../clib/microlib/printf/printf.c         0x00000000   Number         0  printf0.o ABSOLUTE
    ../clib/microlib/printf/printf.c         0x00000000   Number         0  printfb.o ABSOLUTE
    ../clib/microlib/printf/printf.c         0x00000000   Number         0  printf5.o ABSOLUTE
    ../clib/microlib/printf/stubs.s          0x00000000   Number         0  stubs.o ABSOLUTE
    ../clib/microlib/stdio/fgetc.c           0x00000000   Number         0  fgetc_b.o ABSOLUTE
    ../clib/microlib/stdio/semi.s            0x00000000   Number         0  semi.o ABSOLUTE
    ../clib/microlib/stdio/streams.c         0x00000000   Number         0  stdout.o ABSOLUTE
    ../clib/microlib/stdio/streams.c         0x00000000   Number         0  stdin.o ABSOLUTE
    ../clib/microlib/string/memcpy.c         0x00000000   Number         0  memcpyb.o ABSOLUTE
    ../clib/microlib/string/memcpy.c         0x00000000   Number         0  memcpya.o ABSOLUTE
    ../clib/microlib/string/strlen.c         0x00000000   Number         0  strlen.o ABSOLUTE
    ../clib/microlib/string/strncasecmp.c    0x00000000   Number         0  strncasecmp.o ABSOLUTE
    ../clib/microlib/stubs.s                 0x00000000   Number         0  iusesemig.o ABSOLUTE
    ../clib/microlib/stubs.s                 0x00000000   Number         0  iusefp.o ABSOLUTE
    ../clib/scanf.c                          0x00000000   Number         0  scanf_char_file.o ABSOLUTE
    ../clib/scanf.c                          0x00000000   Number         0  scanf_char.o ABSOLUTE
    ../clib/scanf.c                          0x00000000   Number         0  _scanf.o ABSOLUTE
    ../clib/scanf.c                          0x00000000   Number         0  _scanf_int.o ABSOLUTE
    ../clib/scanf.c                          0x00000000   Number         0  __0scanf.o ABSOLUTE
    ../clib/scanf.c                          0x00000000   Number         0  _chval.o ABSOLUTE
    ../fplib/microlib/fpadd.c                0x00000000   Number         0  dadd.o ABSOLUTE
    ../fplib/microlib/fpdiv.c                0x00000000   Number         0  ddiv.o ABSOLUTE
    ../fplib/microlib/fpepilogue.c           0x00000000   Number         0  depilogue.o ABSOLUTE
    ../fplib/microlib/fpfix.c                0x00000000   Number         0  dfixul.o ABSOLUTE
    ../fplib/microlib/fpmul.c                0x00000000   Number         0  dmul.o ABSOLUTE
    ..\..\Libraries\CMSIS\core_cm3.c         0x00000000   Number         0  core_cm3.o ABSOLUTE
    ..\..\Libraries\CMSIS\startup\startup_stm32f10x_hd.s 0x00000000   Number         0  startup_stm32f10x_hd.o ABSOLUTE
    ..\..\Libraries\CMSIS\system_stm32f10x.c 0x00000000   Number         0  system_stm32f10x.o ABSOLUTE
    ..\..\Libraries\FWlib\src\misc.c         0x00000000   Number         0  misc.o ABSOLUTE
    ..\..\Libraries\FWlib\src\stm32f10x_adc.c 0x00000000   Number         0  stm32f10x_adc.o ABSOLUTE
    ..\..\Libraries\FWlib\src\stm32f10x_bkp.c 0x00000000   Number         0  stm32f10x_bkp.o ABSOLUTE
    ..\..\Libraries\FWlib\src\stm32f10x_can.c 0x00000000   Number         0  stm32f10x_can.o ABSOLUTE
    ..\..\Libraries\FWlib\src\stm32f10x_cec.c 0x00000000   Number         0  stm32f10x_cec.o ABSOLUTE
    ..\..\Libraries\FWlib\src\stm32f10x_crc.c 0x00000000   Number         0  stm32f10x_crc.o ABSOLUTE
    ..\..\Libraries\FWlib\src\stm32f10x_dac.c 0x00000000   Number         0  stm32f10x_dac.o ABSOLUTE
    ..\..\Libraries\FWlib\src\stm32f10x_dbgmcu.c 0x00000000   Number         0  stm32f10x_dbgmcu.o ABSOLUTE
    ..\..\Libraries\FWlib\src\stm32f10x_dma.c 0x00000000   Number         0  stm32f10x_dma.o ABSOLUTE
    ..\..\Libraries\FWlib\src\stm32f10x_exti.c 0x00000000   Number         0  stm32f10x_exti.o ABSOLUTE
    ..\..\Libraries\FWlib\src\stm32f10x_flash.c 0x00000000   Number         0  stm32f10x_flash.o ABSOLUTE
    ..\..\Libraries\FWlib\src\stm32f10x_fsmc.c 0x00000000   Number         0  stm32f10x_fsmc.o ABSOLUTE
    ..\..\Libraries\FWlib\src\stm32f10x_gpio.c 0x00000000   Number         0  stm32f10x_gpio.o ABSOLUTE
    ..\..\Libraries\FWlib\src\stm32f10x_i2c.c 0x00000000   Number         0  stm32f10x_i2c.o ABSOLUTE
    ..\..\Libraries\FWlib\src\stm32f10x_iwdg.c 0x00000000   Number         0  stm32f10x_iwdg.o ABSOLUTE
    ..\..\Libraries\FWlib\src\stm32f10x_pwr.c 0x00000000   Number         0  stm32f10x_pwr.o ABSOLUTE
    ..\..\Libraries\FWlib\src\stm32f10x_rcc.c 0x00000000   Number         0  stm32f10x_rcc.o ABSOLUTE
    ..\..\Libraries\FWlib\src\stm32f10x_rtc.c 0x00000000   Number         0  stm32f10x_rtc.o ABSOLUTE
    ..\..\Libraries\FWlib\src\stm32f10x_sdio.c 0x00000000   Number         0  stm32f10x_sdio.o ABSOLUTE
    ..\..\Libraries\FWlib\src\stm32f10x_spi.c 0x00000000   Number         0  stm32f10x_spi.o ABSOLUTE
    ..\..\Libraries\FWlib\src\stm32f10x_tim.c 0x00000000   Number         0  stm32f10x_tim.o ABSOLUTE
    ..\..\Libraries\FWlib\src\stm32f10x_usart.c 0x00000000   Number         0  stm32f10x_usart.o ABSOLUTE
    ..\..\Libraries\FWlib\src\stm32f10x_wwdg.c 0x00000000   Number         0  stm32f10x_wwdg.o ABSOLUTE
    ..\..\User\Key\key.c                     0x00000000   Number         0  key.o ABSOLUTE
    ..\..\User\TimBase\bsp_TiMbase.c         0x00000000   Number         0  bsp_timbase.o ABSOLUTE
    ..\..\User\beep\bsp_beep .c              0x00000000   Number         0  bsp_beep .o ABSOLUTE
    ..\..\User\dht11\bsp_dht11.c             0x00000000   Number         0  bsp_dht11.o ABSOLUTE
    ..\..\User\flash\bsp_spi_flash.c         0x00000000   Number         0  bsp_spi_flash.o ABSOLUTE
    ..\..\User\font\fonts.c                  0x00000000   Number         0  fonts.o ABSOLUTE
    ..\..\User\font\resource_port.c          0x00000000   Number         0  resource_port.o ABSOLUTE
    ..\..\User\main.c                        0x00000000   Number         0  main.o ABSOLUTE
    ..\..\User\oled\OLED_I2C.c               0x00000000   Number         0  oled_i2c.o ABSOLUTE
    ..\..\User\rtc\bsp_calendar.c            0x00000000   Number         0  bsp_calendar.o ABSOLUTE
    ..\..\User\rtc\bsp_date.c                0x00000000   Number         0  bsp_date.o ABSOLUTE
    ..\..\User\rtc\bsp_rtc.c                 0x00000000   Number         0  bsp_rtc.o ABSOLUTE
    ..\..\User\stm32f10x_it.c                0x00000000   Number         0  stm32f10x_it.o ABSOLUTE
    ..\..\User\systick\bsp_SysTick.c         0x00000000   Number         0  bsp_systick.o ABSOLUTE
    ..\..\User\usart\bsp_usart.c             0x00000000   Number         0  bsp_usart.o ABSOLUTE
    ..\\..\\Libraries\\CMSIS\\core_cm3.c     0x00000000   Number         0  core_cm3.o ABSOLUTE
    cdrcmple.s                               0x00000000   Number         0  cdrcmple.o ABSOLUTE
    dc.s                                     0x00000000   Number         0  dc.o ABSOLUTE
    handlers.s                               0x00000000   Number         0  handlers.o ABSOLUTE
    init.s                                   0x00000000   Number         0  init.o ABSOLUTE
    RESET                                    0x08000000   Section      304  startup_stm32f10x_hd.o(RESET)
    .ARM.Collect$$$$00000000                 0x08000130   Section        0  entry.o(.ARM.Collect$$$$00000000)
    .ARM.Collect$$$$00000001                 0x08000130   Section        4  entry2.o(.ARM.Collect$$$$00000001)
    .ARM.Collect$$$$00000004                 0x08000134   Section        4  entry5.o(.ARM.Collect$$$$00000004)
    .ARM.Collect$$$$00000008                 0x08000138   Section        0  entry7b.o(.ARM.Collect$$$$00000008)
    .ARM.Collect$$$$0000000A                 0x08000138   Section        0  entry8b.o(.ARM.Collect$$$$0000000A)
    .ARM.Collect$$$$0000000B                 0x08000138   Section        8  entry9a.o(.ARM.Collect$$$$0000000B)
    .ARM.Collect$$$$0000000D                 0x08000140   Section        0  entry10a.o(.ARM.Collect$$$$0000000D)
    .ARM.Collect$$$$0000000F                 0x08000140   Section        0  entry11a.o(.ARM.Collect$$$$0000000F)
    .ARM.Collect$$$$00002712                 0x08000140   Section        4  entry2.o(.ARM.Collect$$$$00002712)
    __lit__00000000                          0x08000140   Data           4  entry2.o(.ARM.Collect$$$$00002712)
    .text                                    0x08000144   Section       36  startup_stm32f10x_hd.o(.text)
    .text                                    0x08000168   Section        0  system_stm32f10x.o(.text)
    SetSysClockTo72                          0x08000169   Thumb Code   214  system_stm32f10x.o(.text)
    SetSysClock                              0x0800023f   Thumb Code     8  system_stm32f10x.o(.text)
    .text                                    0x08000348   Section        0  misc.o(.text)
    .text                                    0x08000424   Section        0  stm32f10x_bkp.o(.text)
    .text                                    0x080004e8   Section        0  stm32f10x_exti.o(.text)
    .text                                    0x08000604   Section        0  stm32f10x_gpio.o(.text)
    .text                                    0x08000960   Section        0  stm32f10x_i2c.o(.text)
    .text                                    0x08000d64   Section        0  stm32f10x_pwr.o(.text)
    .text                                    0x08000e30   Section        0  stm32f10x_rcc.o(.text)
    .text                                    0x080011d4   Section        0  stm32f10x_rtc.o(.text)
    .text                                    0x0800131c   Section        0  stm32f10x_spi.o(.text)
    .text                                    0x08001628   Section        0  stm32f10x_tim.o(.text)
    TI4_Config                               0x08001acf   Thumb Code   130  stm32f10x_tim.o(.text)
    TI3_Config                               0x08001b63   Thumb Code   122  stm32f10x_tim.o(.text)
    TI2_Config                               0x08001bf7   Thumb Code   130  stm32f10x_tim.o(.text)
    TI1_Config                               0x08001c8b   Thumb Code   108  stm32f10x_tim.o(.text)
    .text                                    0x08002444   Section        0  stm32f10x_usart.o(.text)
    .text                                    0x0800284c   Section        0  main.o(.text)
    .text                                    0x080028ac   Section        0  stm32f10x_it.o(.text)
    .text                                    0x080035e8   Section        0  bsp_calendar.o(.text)
    .text                                    0x08003c6c   Section        0  bsp_date.o(.text)
    .text                                    0x08003e48   Section        0  bsp_rtc.o(.text)
    .text                                    0x08004844   Section        0  bsp_usart.o(.text)
    .text                                    0x08004900   Section        0  oled_i2c.o(.text)
    .text                                    0x08004e28   Section        0  bsp_systick.o(.text)
    SysTick_Config                           0x08004e29   Thumb Code    76  bsp_systick.o(.text)
    .text                                    0x08004f04   Section        0  key.o(.text)
    NVIC_config                              0x08004f05   Thumb Code    42  key.o(.text)
    .text                                    0x08005008   Section        0  bsp_timbase.o(.text)
    BASIC_TIM_NVIC_Config                    0x08005009   Thumb Code    42  bsp_timbase.o(.text)
    BASIC_TIM_Mode_Config                    0x08005033   Thumb Code    62  bsp_timbase.o(.text)
    .text                                    0x08005080   Section        0  bsp_beep .o(.text)
    .text                                    0x08005164   Section        0  bsp_dht11.o(.text)
    DHT11_GPIO_Config                        0x08005165   Thumb Code    38  bsp_dht11.o(.text)
    DHT11_Mode_IPU                           0x0800519b   Thumb Code    24  bsp_dht11.o(.text)
    DHT11_Mode_Out_PP                        0x080051b3   Thumb Code    30  bsp_dht11.o(.text)
    DHT11_ReadByte                           0x080051d1   Thumb Code    90  bsp_dht11.o(.text)
    .text                                    0x080052c8   Section        0  fonts.o(.text)
    .text                                    0x08005328   Section        0  bsp_spi_flash.o(.text)
    SPI_TIMEOUT_UserCallback                 0x080053db   Thumb Code    16  bsp_spi_flash.o(.text)
    .text                                    0x080058a4   Section        0  memcpya.o(.text)
    .text                                    0x080058c8   Section        0  __0scanf.o(.text)
    .text                                    0x080058e8   Section        0  _scanf_int.o(.text)
    .text                                    0x08005a34   Section        0  uidiv.o(.text)
    .text                                    0x08005a60   Section        0  _chval.o(.text)
    .text                                    0x08005a7c   Section        0  scanf_char_file.o(.text)
    .text                                    0x08005a90   Section       36  init.o(.text)
    .text                                    0x08005ab4   Section        0  fgetc_b.o(.text)
    .text                                    0x08005ae0   Section        0  scanf_char.o(.text)
    _scanf_char_input                        0x08005ae1   Thumb Code    12  scanf_char.o(.text)
    .text                                    0x08005b08   Section        0  isspace_c.o(.text)
    .text                                    0x08005b08   Section        0  semi.o(.text)
    .text                                    0x08005b14   Section        0  _scanf.o(.text)
    .text                                    0x08005e40   Section        0  ctype_c.o(.text)
    .text                                    0x08005e40   Section        0  iusesemig.o(.text)
    .text                                    0x08005e68   Section        0  __dczerorl2.o(.text)
    i.__0printf$3                            0x08005ec0   Section        0  printf3.o(i.__0printf$3)
    i.__0sprintf$3                           0x08005ee0   Section        0  printf3.o(i.__0sprintf$3)
    i.__scatterload_copy                     0x08005f08   Section       14  handlers.o(i.__scatterload_copy)
    i.__scatterload_null                     0x08005f16   Section        2  handlers.o(i.__scatterload_null)
    i.__scatterload_zeroinit                 0x08005f18   Section       14  handlers.o(i.__scatterload_zeroinit)
    i._printf_core                           0x08005f28   Section        0  printf3.o(i._printf_core)
    _printf_core                             0x08005f29   Thumb Code   436  printf3.o(i._printf_core)
    i._sputc                                 0x080060e0   Section        0  printf3.o(i._sputc)
    _sputc                                   0x080060e1   Thumb Code    10  printf3.o(i._sputc)
    .constdata                               0x080060ea   Section      814  bsp_calendar.o(.constdata)
    MonthDayMax                              0x0800640c   Data          12  bsp_calendar.o(.constdata)
    .constdata                               0x08006418   Section       48  bsp_date.o(.constdata)
    .constdata                               0x08006448   Section     2072  oled_i2c.o(.constdata)
    .constdata                               0x08006c60   Section    15200  fonts.o(.constdata)
    .constdata                               0x0800a7c0   Section       64  ctype_c.o(.constdata)
    .conststring                             0x0800a800   Section      335  bsp_calendar.o(.conststring)
    .conststring                             0x0800a950   Section      691  bsp_rtc.o(.conststring)
    .data                                    0x20000000   Section       20  system_stm32f10x.o(.data)
    .data                                    0x20000014   Section       20  stm32f10x_rcc.o(.data)
    APBAHBPrescTable                         0x20000014   Data          16  stm32f10x_rcc.o(.data)
    ADCPrescTable                            0x20000024   Data           4  stm32f10x_rcc.o(.data)
    .data                                    0x20000028   Section      129  main.o(.data)
    .data                                    0x200000a9   Section        2  stm32f10x_it.o(.data)
    .data                                    0x200000ac   Section      248  bsp_calendar.o(.data)
    .data                                    0x200001a4   Section       48  bsp_date.o(.data)
    month_days                               0x200001a4   Data          48  bsp_date.o(.data)
    .data                                    0x200001d4   Section      160  bsp_rtc.o(.data)
    FirstDisplay                             0x20000270   Data           4  bsp_rtc.o(.data)
    .data                                    0x20000274   Section     1872  oled_i2c.o(.data)
    .data                                    0x200009c4   Section       48  bsp_beep .o(.data)
    .data                                    0x200009f4   Section       32  fonts.o(.data)
    everRead                                 0x20000a0c   Data           1  fonts.o(.data)
    gbk_start_address                        0x20000a10   Data           4  fonts.o(.data)
    .data                                    0x20000a14   Section        4  bsp_spi_flash.o(.data)
    SPITimeout                               0x20000a14   Data           4  bsp_spi_flash.o(.data)
    .data                                    0x20000a18   Section        4  stdin.o(.data)
    .data                                    0x20000a1c   Section        4  stdout.o(.data)
    .data                                    0x20000a20   Section        3  fgetc_b.o(.data)
    ungetc_sp                                0x20000a20   Data           1  fgetc_b.o(.data)
    ungetc_stack                             0x20000a21   Data           2  fgetc_b.o(.data)
    .bss                                     0x20000a24   Section      110  main.o(.bss)
    STACK                                    0x20000a98   Section     1024  startup_stm32f10x_hd.o(STACK)

    Global Symbols

    Symbol Name                              Value     Ov Type        Size  Object(Section)

    BuildAttributes$$THM_ISAv4$P$D$K$B$S$PE$A:L22UL41UL21$X:L11$S22US41US21$IEEE1$IW$USESV6$~STKCKD$USESV7$~SHL$OSPACE$ROPI$EBA8$MICROLIB$REQ8$PRES8$EABIv2 0x00000000   Number         0  anon$$obj.o ABSOLUTE
    __ARM_use_no_argv                        0x00000000   Number         0  main.o ABSOLUTE
    _printf_a                                0x00000000   Number         0  stubs.o ABSOLUTE
    _printf_c                                0x00000000   Number         0  stubs.o ABSOLUTE
    _printf_charcount                        0x00000000   Number         0  stubs.o ABSOLUTE
    _printf_d                                0x00000000   Number         0  stubs.o ABSOLUTE
    _printf_e                                0x00000000   Number         0  stubs.o ABSOLUTE
    _printf_f                                0x00000000   Number         0  stubs.o ABSOLUTE
    _printf_flags                            0x00000000   Number         0  stubs.o ABSOLUTE
    _printf_fp_dec                           0x00000000   Number         0  stubs.o ABSOLUTE
    _printf_fp_hex                           0x00000000   Number         0  stubs.o ABSOLUTE
    _printf_g                                0x00000000   Number         0  stubs.o ABSOLUTE
    _printf_i                                0x00000000   Number         0  stubs.o ABSOLUTE
    _printf_int_dec                          0x00000000   Number         0  stubs.o ABSOLUTE
    _printf_l                                0x00000000   Number         0  stubs.o ABSOLUTE
    _printf_lc                               0x00000000   Number         0  stubs.o ABSOLUTE
    _printf_ll                               0x00000000   Number         0  stubs.o ABSOLUTE
    _printf_lld                              0x00000000   Number         0  stubs.o ABSOLUTE
    _printf_lli                              0x00000000   Number         0  stubs.o ABSOLUTE
    _printf_llo                              0x00000000   Number         0  stubs.o ABSOLUTE
    _printf_llu                              0x00000000   Number         0  stubs.o ABSOLUTE
    _printf_llx                              0x00000000   Number         0  stubs.o ABSOLUTE
    _printf_longlong_dec                     0x00000000   Number         0  stubs.o ABSOLUTE
    _printf_longlong_hex                     0x00000000   Number         0  stubs.o ABSOLUTE
    _printf_longlong_oct                     0x00000000   Number         0  stubs.o ABSOLUTE
    _printf_ls                               0x00000000   Number         0  stubs.o ABSOLUTE
    _printf_mbtowc                           0x00000000   Number         0  stubs.o ABSOLUTE
    _printf_n                                0x00000000   Number         0  stubs.o ABSOLUTE
    _printf_o                                0x00000000   Number         0  stubs.o ABSOLUTE
    _printf_p                                0x00000000   Number         0  stubs.o ABSOLUTE
    _printf_percent                          0x00000000   Number         0  stubs.o ABSOLUTE
    _printf_pre_padding                      0x00000000   Number         0  stubs.o ABSOLUTE
    _printf_return_value                     0x00000000   Number         0  stubs.o ABSOLUTE
    _printf_s                                0x00000000   Number         0  stubs.o ABSOLUTE
    _printf_sizespec                         0x00000000   Number         0  stubs.o ABSOLUTE
    _printf_str                              0x00000000   Number         0  stubs.o ABSOLUTE
    _printf_truncate_signed                  0x00000000   Number         0  stubs.o ABSOLUTE
    _printf_truncate_unsigned                0x00000000   Number         0  stubs.o ABSOLUTE
    _printf_u                                0x00000000   Number         0  stubs.o ABSOLUTE
    _printf_wc                               0x00000000   Number         0  stubs.o ABSOLUTE
    _printf_wctomb                           0x00000000   Number         0  stubs.o ABSOLUTE
    _printf_widthprec                        0x00000000   Number         0  stubs.o ABSOLUTE
    _printf_x                                0x00000000   Number         0  stubs.o ABSOLUTE
    __cpp_initialize__aeabi_                  - Undefined Weak Reference
    __cxa_finalize                            - Undefined Weak Reference
    _clock_init                               - Undefined Weak Reference
    _microlib_exit                            - Undefined Weak Reference
    _scanf_longlong                           - Undefined Weak Reference
    _scanf_real                               - Undefined Weak Reference
    _scanf_string                             - Undefined Weak Reference
    __Vectors_Size                           0x00000130   Number         0  startup_stm32f10x_hd.o ABSOLUTE
    __Vectors                                0x08000000   Data           4  startup_stm32f10x_hd.o(RESET)
    __Vectors_End                            0x08000130   Data           0  startup_stm32f10x_hd.o(RESET)
    __main                                   0x08000131   Thumb Code     0  entry.o(.ARM.Collect$$$$00000000)
    _main_stk                                0x08000131   Thumb Code     0  entry2.o(.ARM.Collect$$$$00000001)
    _main_scatterload                        0x08000135   Thumb Code     0  entry5.o(.ARM.Collect$$$$00000004)
    __main_after_scatterload                 0x08000139   Thumb Code     0  entry5.o(.ARM.Collect$$$$00000004)
    _main_clock                              0x08000139   Thumb Code     0  entry7b.o(.ARM.Collect$$$$00000008)
    _main_cpp_init                           0x08000139   Thumb Code     0  entry8b.o(.ARM.Collect$$$$0000000A)
    _main_init                               0x08000139   Thumb Code     0  entry9a.o(.ARM.Collect$$$$0000000B)
    __rt_final_cpp                           0x08000141   Thumb Code     0  entry10a.o(.ARM.Collect$$$$0000000D)
    __rt_final_exit                          0x08000141   Thumb Code     0  entry11a.o(.ARM.Collect$$$$0000000F)
    Reset_Handler                            0x08000145   Thumb Code     8  startup_stm32f10x_hd.o(.text)
    ADC1_2_IRQHandler                        0x0800015f   Thumb Code     0  startup_stm32f10x_hd.o(.text)
    ADC3_IRQHandler                          0x0800015f   Thumb Code     0  startup_stm32f10x_hd.o(.text)
    CAN1_RX1_IRQHandler                      0x0800015f   Thumb Code     0  startup_stm32f10x_hd.o(.text)
    CAN1_SCE_IRQHandler                      0x0800015f   Thumb Code     0  startup_stm32f10x_hd.o(.text)
    DMA1_Channel1_IRQHandler                 0x0800015f   Thumb Code     0  startup_stm32f10x_hd.o(.text)
    DMA1_Channel2_IRQHandler                 0x0800015f   Thumb Code     0  startup_stm32f10x_hd.o(.text)
    DMA1_Channel3_IRQHandler                 0x0800015f   Thumb Code     0  startup_stm32f10x_hd.o(.text)
    DMA1_Channel4_IRQHandler                 0x0800015f   Thumb Code     0  startup_stm32f10x_hd.o(.text)
    DMA1_Channel5_IRQHandler                 0x0800015f   Thumb Code     0  startup_stm32f10x_hd.o(.text)
    DMA1_Channel6_IRQHandler                 0x0800015f   Thumb Code     0  startup_stm32f10x_hd.o(.text)
    DMA1_Channel7_IRQHandler                 0x0800015f   Thumb Code     0  startup_stm32f10x_hd.o(.text)
    DMA2_Channel1_IRQHandler                 0x0800015f   Thumb Code     0  startup_stm32f10x_hd.o(.text)
    DMA2_Channel2_IRQHandler                 0x0800015f   Thumb Code     0  startup_stm32f10x_hd.o(.text)
    DMA2_Channel3_IRQHandler                 0x0800015f   Thumb Code     0  startup_stm32f10x_hd.o(.text)
    DMA2_Channel4_5_IRQHandler               0x0800015f   Thumb Code     0  startup_stm32f10x_hd.o(.text)
    EXTI0_IRQHandler                         0x0800015f   Thumb Code     0  startup_stm32f10x_hd.o(.text)
    EXTI15_10_IRQHandler                     0x0800015f   Thumb Code     0  startup_stm32f10x_hd.o(.text)
    EXTI1_IRQHandler                         0x0800015f   Thumb Code     0  startup_stm32f10x_hd.o(.text)
    EXTI2_IRQHandler                         0x0800015f   Thumb Code     0  startup_stm32f10x_hd.o(.text)
    EXTI3_IRQHandler                         0x0800015f   Thumb Code     0  startup_stm32f10x_hd.o(.text)
    EXTI4_IRQHandler                         0x0800015f   Thumb Code     0  startup_stm32f10x_hd.o(.text)
    FLASH_IRQHandler                         0x0800015f   Thumb Code     0  startup_stm32f10x_hd.o(.text)
    FSMC_IRQHandler                          0x0800015f   Thumb Code     0  startup_stm32f10x_hd.o(.text)
    I2C1_ER_IRQHandler                       0x0800015f   Thumb Code     0  startup_stm32f10x_hd.o(.text)
    I2C1_EV_IRQHandler                       0x0800015f   Thumb Code     0  startup_stm32f10x_hd.o(.text)
    I2C2_ER_IRQHandler                       0x0800015f   Thumb Code     0  startup_stm32f10x_hd.o(.text)
    I2C2_EV_IRQHandler                       0x0800015f   Thumb Code     0  startup_stm32f10x_hd.o(.text)
    PVD_IRQHandler                           0x0800015f   Thumb Code     0  startup_stm32f10x_hd.o(.text)
    RCC_IRQHandler                           0x0800015f   Thumb Code     0  startup_stm32f10x_hd.o(.text)
    RTCAlarm_IRQHandler                      0x0800015f   Thumb Code     0  startup_stm32f10x_hd.o(.text)
    SDIO_IRQHandler                          0x0800015f   Thumb Code     0  startup_stm32f10x_hd.o(.text)
    SPI1_IRQHandler                          0x0800015f   Thumb Code     0  startup_stm32f10x_hd.o(.text)
    SPI2_IRQHandler                          0x0800015f   Thumb Code     0  startup_stm32f10x_hd.o(.text)
    SPI3_IRQHandler                          0x0800015f   Thumb Code     0  startup_stm32f10x_hd.o(.text)
    TAMPER_IRQHandler                        0x0800015f   Thumb Code     0  startup_stm32f10x_hd.o(.text)
    TIM1_BRK_IRQHandler                      0x0800015f   Thumb Code     0  startup_stm32f10x_hd.o(.text)
    TIM1_CC_IRQHandler                       0x0800015f   Thumb Code     0  startup_stm32f10x_hd.o(.text)
    TIM1_TRG_COM_IRQHandler                  0x0800015f   Thumb Code     0  startup_stm32f10x_hd.o(.text)
    TIM1_UP_IRQHandler                       0x0800015f   Thumb Code     0  startup_stm32f10x_hd.o(.text)
    TIM2_IRQHandler                          0x0800015f   Thumb Code     0  startup_stm32f10x_hd.o(.text)
    TIM3_IRQHandler                          0x0800015f   Thumb Code     0  startup_stm32f10x_hd.o(.text)
    TIM4_IRQHandler                          0x0800015f   Thumb Code     0  startup_stm32f10x_hd.o(.text)
    TIM5_IRQHandler                          0x0800015f   Thumb Code     0  startup_stm32f10x_hd.o(.text)
    TIM7_IRQHandler                          0x0800015f   Thumb Code     0  startup_stm32f10x_hd.o(.text)
    TIM8_BRK_IRQHandler                      0x0800015f   Thumb Code     0  startup_stm32f10x_hd.o(.text)
    TIM8_CC_IRQHandler                       0x0800015f   Thumb Code     0  startup_stm32f10x_hd.o(.text)
    TIM8_TRG_COM_IRQHandler                  0x0800015f   Thumb Code     0  startup_stm32f10x_hd.o(.text)
    TIM8_UP_IRQHandler                       0x0800015f   Thumb Code     0  startup_stm32f10x_hd.o(.text)
    UART4_IRQHandler                         0x0800015f   Thumb Code     0  startup_stm32f10x_hd.o(.text)
    UART5_IRQHandler                         0x0800015f   Thumb Code     0  startup_stm32f10x_hd.o(.text)
    USART1_IRQHandler                        0x0800015f   Thumb Code     0  startup_stm32f10x_hd.o(.text)
    USART2_IRQHandler                        0x0800015f   Thumb Code     0  startup_stm32f10x_hd.o(.text)
    USART3_IRQHandler                        0x0800015f   Thumb Code     0  startup_stm32f10x_hd.o(.text)
    USBWakeUp_IRQHandler                     0x0800015f   Thumb Code     0  startup_stm32f10x_hd.o(.text)
    USB_HP_CAN1_TX_IRQHandler                0x0800015f   Thumb Code     0  startup_stm32f10x_hd.o(.text)
    USB_LP_CAN1_RX0_IRQHandler               0x0800015f   Thumb Code     0  startup_stm32f10x_hd.o(.text)
    WWDG_IRQHandler                          0x0800015f   Thumb Code     0  startup_stm32f10x_hd.o(.text)
    SystemInit                               0x08000247   Thumb Code    78  system_stm32f10x.o(.text)
    SystemCoreClockUpdate                    0x08000295   Thumb Code   142  system_stm32f10x.o(.text)
    NVIC_PriorityGroupConfig                 0x08000349   Thumb Code    10  misc.o(.text)
    NVIC_Init                                0x08000353   Thumb Code   100  misc.o(.text)
    NVIC_SetVectorTable                      0x080003b7   Thumb Code    14  misc.o(.text)
    NVIC_SystemLPConfig                      0x080003c5   Thumb Code    34  misc.o(.text)
    SysTick_CLKSourceConfig                  0x080003e7   Thumb Code    40  misc.o(.text)
    BKP_DeInit                               0x08000425   Thumb Code    16  stm32f10x_bkp.o(.text)
    BKP_TamperPinLevelConfig                 0x08000435   Thumb Code     6  stm32f10x_bkp.o(.text)
    BKP_TamperPinCmd                         0x0800043b   Thumb Code     8  stm32f10x_bkp.o(.text)
    BKP_ITConfig                             0x08000443   Thumb Code     8  stm32f10x_bkp.o(.text)
    BKP_RTCOutputConfig                      0x0800044b   Thumb Code    22  stm32f10x_bkp.o(.text)
    BKP_SetRTCCalibrationValue               0x08000461   Thumb Code    22  stm32f10x_bkp.o(.text)
    BKP_WriteBackupRegister                  0x08000477   Thumb Code    24  stm32f10x_bkp.o(.text)
    BKP_ReadBackupRegister                   0x0800048f   Thumb Code    26  stm32f10x_bkp.o(.text)
    BKP_GetFlagStatus                        0x080004a9   Thumb Code    10  stm32f10x_bkp.o(.text)
    BKP_ClearFlag                            0x080004b3   Thumb Code    18  stm32f10x_bkp.o(.text)
    BKP_GetITStatus                          0x080004c5   Thumb Code    10  stm32f10x_bkp.o(.text)
    BKP_ClearITPendingBit                    0x080004cf   Thumb Code    18  stm32f10x_bkp.o(.text)
    EXTI_DeInit                              0x080004e9   Thumb Code    28  stm32f10x_exti.o(.text)
    EXTI_Init                                0x08000505   Thumb Code   142  stm32f10x_exti.o(.text)
    EXTI_StructInit                          0x08000593   Thumb Code    16  stm32f10x_exti.o(.text)
    EXTI_GenerateSWInterrupt                 0x080005a3   Thumb Code    16  stm32f10x_exti.o(.text)
    EXTI_GetFlagStatus                       0x080005b3   Thumb Code    22  stm32f10x_exti.o(.text)
    EXTI_ClearFlag                           0x080005c9   Thumb Code     8  stm32f10x_exti.o(.text)
    EXTI_GetITStatus                         0x080005d1   Thumb Code    34  stm32f10x_exti.o(.text)
    EXTI_ClearITPendingBit                   0x080005f3   Thumb Code     8  stm32f10x_exti.o(.text)
    GPIO_DeInit                              0x08000605   Thumb Code   172  stm32f10x_gpio.o(.text)
    GPIO_AFIODeInit                          0x080006b1   Thumb Code    20  stm32f10x_gpio.o(.text)
    GPIO_Init                                0x080006c5   Thumb Code   278  stm32f10x_gpio.o(.text)
    GPIO_StructInit                          0x080007db   Thumb Code    16  stm32f10x_gpio.o(.text)
    GPIO_ReadInputDataBit                    0x080007eb   Thumb Code    18  stm32f10x_gpio.o(.text)
    GPIO_ReadInputData                       0x080007fd   Thumb Code     8  stm32f10x_gpio.o(.text)
    GPIO_ReadOutputDataBit                   0x08000805   Thumb Code    18  stm32f10x_gpio.o(.text)
    GPIO_ReadOutputData                      0x08000817   Thumb Code     8  stm32f10x_gpio.o(.text)
    GPIO_SetBits                             0x0800081f   Thumb Code     4  stm32f10x_gpio.o(.text)
    GPIO_ResetBits                           0x08000823   Thumb Code     4  stm32f10x_gpio.o(.text)
    GPIO_WriteBit                            0x08000827   Thumb Code    10  stm32f10x_gpio.o(.text)
    GPIO_Write                               0x08000831   Thumb Code     4  stm32f10x_gpio.o(.text)
    GPIO_PinLockConfig                       0x08000835   Thumb Code    18  stm32f10x_gpio.o(.text)
    GPIO_EventOutputConfig                   0x08000847   Thumb Code    26  stm32f10x_gpio.o(.text)
    GPIO_EventOutputCmd                      0x08000861   Thumb Code     6  stm32f10x_gpio.o(.text)
    GPIO_PinRemapConfig                      0x08000867   Thumb Code   138  stm32f10x_gpio.o(.text)
    GPIO_EXTILineConfig                      0x080008f1   Thumb Code    66  stm32f10x_gpio.o(.text)
    GPIO_ETH_MediaInterfaceConfig            0x08000933   Thumb Code     8  stm32f10x_gpio.o(.text)
    I2C_DeInit                               0x08000961   Thumb Code    50  stm32f10x_i2c.o(.text)
    I2C_Init                                 0x08000993   Thumb Code   222  stm32f10x_i2c.o(.text)
    I2C_StructInit                           0x08000a71   Thumb Code    30  stm32f10x_i2c.o(.text)
    I2C_Cmd                                  0x08000a8f   Thumb Code    24  stm32f10x_i2c.o(.text)
    I2C_DMACmd                               0x08000aa7   Thumb Code    24  stm32f10x_i2c.o(.text)
    I2C_DMALastTransferCmd                   0x08000abf   Thumb Code    24  stm32f10x_i2c.o(.text)
    I2C_GenerateSTART                        0x08000ad7   Thumb Code    24  stm32f10x_i2c.o(.text)
    I2C_GenerateSTOP                         0x08000aef   Thumb Code    24  stm32f10x_i2c.o(.text)
    I2C_AcknowledgeConfig                    0x08000b07   Thumb Code    24  stm32f10x_i2c.o(.text)
    I2C_OwnAddress2Config                    0x08000b1f   Thumb Code    22  stm32f10x_i2c.o(.text)
    I2C_DualAddressCmd                       0x08000b35   Thumb Code    24  stm32f10x_i2c.o(.text)
    I2C_GeneralCallCmd                       0x08000b4d   Thumb Code    24  stm32f10x_i2c.o(.text)
    I2C_ITConfig                             0x08000b65   Thumb Code    18  stm32f10x_i2c.o(.text)
    I2C_SendData                             0x08000b77   Thumb Code     4  stm32f10x_i2c.o(.text)
    I2C_ReceiveData                          0x08000b7b   Thumb Code     8  stm32f10x_i2c.o(.text)
    I2C_Send7bitAddress                      0x08000b83   Thumb Code    18  stm32f10x_i2c.o(.text)
    I2C_ReadRegister                         0x08000b95   Thumb Code    22  stm32f10x_i2c.o(.text)
    I2C_SoftwareResetCmd                     0x08000bab   Thumb Code    22  stm32f10x_i2c.o(.text)
    I2C_NACKPositionConfig                   0x08000bc1   Thumb Code    28  stm32f10x_i2c.o(.text)
    I2C_SMBusAlertConfig                     0x08000bdd   Thumb Code    28  stm32f10x_i2c.o(.text)
    I2C_TransmitPEC                          0x08000bf9   Thumb Code    24  stm32f10x_i2c.o(.text)
    I2C_PECPositionConfig                    0x08000c11   Thumb Code    28  stm32f10x_i2c.o(.text)
    I2C_CalculatePEC                         0x08000c2d   Thumb Code    24  stm32f10x_i2c.o(.text)
    I2C_GetPEC                               0x08000c45   Thumb Code     8  stm32f10x_i2c.o(.text)
    I2C_ARPCmd                               0x08000c4d   Thumb Code    24  stm32f10x_i2c.o(.text)
    I2C_StretchClockCmd                      0x08000c65   Thumb Code    24  stm32f10x_i2c.o(.text)
    I2C_FastModeDutyCycleConfig              0x08000c7d   Thumb Code    28  stm32f10x_i2c.o(.text)
    I2C_CheckEvent                           0x08000c99   Thumb Code    42  stm32f10x_i2c.o(.text)
    I2C_GetLastEvent                         0x08000cc3   Thumb Code    26  stm32f10x_i2c.o(.text)
    I2C_GetFlagStatus                        0x08000cdd   Thumb Code    58  stm32f10x_i2c.o(.text)
    I2C_ClearFlag                            0x08000d17   Thumb Code    12  stm32f10x_i2c.o(.text)
    I2C_GetITStatus                          0x08000d23   Thumb Code    54  stm32f10x_i2c.o(.text)
    I2C_ClearITPendingBit                    0x08000d59   Thumb Code    12  stm32f10x_i2c.o(.text)
    PWR_DeInit                               0x08000d65   Thumb Code    22  stm32f10x_pwr.o(.text)
    PWR_BackupAccessCmd                      0x08000d7b   Thumb Code     6  stm32f10x_pwr.o(.text)
    PWR_PVDCmd                               0x08000d81   Thumb Code     6  stm32f10x_pwr.o(.text)
    PWR_PVDLevelConfig                       0x08000d87   Thumb Code    18  stm32f10x_pwr.o(.text)
    PWR_WakeUpPinCmd                         0x08000d99   Thumb Code     8  stm32f10x_pwr.o(.text)
    PWR_EnterSTOPMode                        0x08000da1   Thumb Code    54  stm32f10x_pwr.o(.text)
    PWR_EnterSTANDBYMode                     0x08000dd7   Thumb Code    42  stm32f10x_pwr.o(.text)
    PWR_GetFlagStatus                        0x08000e01   Thumb Code    20  stm32f10x_pwr.o(.text)
    PWR_ClearFlag                            0x08000e15   Thumb Code    14  stm32f10x_pwr.o(.text)
    RCC_DeInit                               0x08000e31   Thumb Code    64  stm32f10x_rcc.o(.text)
    RCC_HSEConfig                            0x08000e71   Thumb Code    70  stm32f10x_rcc.o(.text)
    RCC_GetFlagStatus                        0x08000eb7   Thumb Code    56  stm32f10x_rcc.o(.text)
    RCC_WaitForHSEStartUp                    0x08000eef   Thumb Code    56  stm32f10x_rcc.o(.text)
    RCC_AdjustHSICalibrationValue            0x08000f27   Thumb Code    20  stm32f10x_rcc.o(.text)
    RCC_HSICmd                               0x08000f3b   Thumb Code     6  stm32f10x_rcc.o(.text)
    RCC_PLLConfig                            0x08000f41   Thumb Code    24  stm32f10x_rcc.o(.text)
    RCC_PLLCmd                               0x08000f59   Thumb Code     6  stm32f10x_rcc.o(.text)
    RCC_SYSCLKConfig                         0x08000f5f   Thumb Code    18  stm32f10x_rcc.o(.text)
    RCC_GetSYSCLKSource                      0x08000f71   Thumb Code    10  stm32f10x_rcc.o(.text)
    RCC_HCLKConfig                           0x08000f7b   Thumb Code    18  stm32f10x_rcc.o(.text)
    RCC_PCLK1Config                          0x08000f8d   Thumb Code    18  stm32f10x_rcc.o(.text)
    RCC_PCLK2Config                          0x08000f9f   Thumb Code    20  stm32f10x_rcc.o(.text)
    RCC_ITConfig                             0x08000fb3   Thumb Code    26  stm32f10x_rcc.o(.text)
    RCC_USBCLKConfig                         0x08000fcd   Thumb Code     8  stm32f10x_rcc.o(.text)
    RCC_ADCCLKConfig                         0x08000fd5   Thumb Code    18  stm32f10x_rcc.o(.text)
    RCC_LSEConfig                            0x08000fe7   Thumb Code    50  stm32f10x_rcc.o(.text)
    RCC_LSICmd                               0x08001019   Thumb Code     6  stm32f10x_rcc.o(.text)
    RCC_RTCCLKConfig                         0x0800101f   Thumb Code    12  stm32f10x_rcc.o(.text)
    RCC_RTCCLKCmd                            0x0800102b   Thumb Code     8  stm32f10x_rcc.o(.text)
    RCC_GetClocksFreq                        0x08001033   Thumb Code   192  stm32f10x_rcc.o(.text)
    RCC_AHBPeriphClockCmd                    0x080010f3   Thumb Code    26  stm32f10x_rcc.o(.text)
    RCC_APB2PeriphClockCmd                   0x0800110d   Thumb Code    26  stm32f10x_rcc.o(.text)
    RCC_APB1PeriphClockCmd                   0x08001127   Thumb Code    26  stm32f10x_rcc.o(.text)
    RCC_APB2PeriphResetCmd                   0x08001141   Thumb Code    26  stm32f10x_rcc.o(.text)
    RCC_APB1PeriphResetCmd                   0x0800115b   Thumb Code    26  stm32f10x_rcc.o(.text)
    RCC_BackupResetCmd                       0x08001175   Thumb Code     8  stm32f10x_rcc.o(.text)
    RCC_ClockSecuritySystemCmd               0x0800117d   Thumb Code     6  stm32f10x_rcc.o(.text)
    RCC_MCOConfig                            0x08001183   Thumb Code     6  stm32f10x_rcc.o(.text)
    RCC_ClearFlag                            0x08001189   Thumb Code    14  stm32f10x_rcc.o(.text)
    RCC_GetITStatus                          0x08001197   Thumb Code    20  stm32f10x_rcc.o(.text)
    RCC_ClearITPendingBit                    0x080011ab   Thumb Code     6  stm32f10x_rcc.o(.text)
    RTC_ITConfig                             0x080011d5   Thumb Code    26  stm32f10x_rtc.o(.text)
    RTC_EnterConfigMode                      0x080011ef   Thumb Code    18  stm32f10x_rtc.o(.text)
    RTC_ExitConfigMode                       0x08001201   Thumb Code    20  stm32f10x_rtc.o(.text)
    RTC_GetCounter                           0x08001215   Thumb Code    18  stm32f10x_rtc.o(.text)
    RTC_SetCounter                           0x08001227   Thumb Code    26  stm32f10x_rtc.o(.text)
    RTC_SetPrescaler                         0x08001241   Thumb Code    28  stm32f10x_rtc.o(.text)
    RTC_SetAlarm                             0x0800125d   Thumb Code    26  stm32f10x_rtc.o(.text)
    RTC_GetDivider                           0x08001277   Thumb Code    22  stm32f10x_rtc.o(.text)
    RTC_WaitForLastTask                      0x0800128d   Thumb Code    18  stm32f10x_rtc.o(.text)
    RTC_WaitForSynchro                       0x0800129f   Thumb Code    36  stm32f10x_rtc.o(.text)
    RTC_GetFlagStatus                        0x080012c3   Thumb Code    22  stm32f10x_rtc.o(.text)
    RTC_ClearFlag                            0x080012d9   Thumb Code    16  stm32f10x_rtc.o(.text)
    RTC_GetITStatus                          0x080012e9   Thumb Code    32  stm32f10x_rtc.o(.text)
    RTC_ClearITPendingBit                    0x08001309   Thumb Code    16  stm32f10x_rtc.o(.text)
    SPI_I2S_DeInit                           0x0800131d   Thumb Code    76  stm32f10x_spi.o(.text)
    SPI_Init                                 0x08001369   Thumb Code    60  stm32f10x_spi.o(.text)
    I2S_Init                                 0x080013a5   Thumb Code   226  stm32f10x_spi.o(.text)
    SPI_StructInit                           0x08001487   Thumb Code    24  stm32f10x_spi.o(.text)
    I2S_StructInit                           0x0800149f   Thumb Code    20  stm32f10x_spi.o(.text)
    SPI_Cmd                                  0x080014b3   Thumb Code    24  stm32f10x_spi.o(.text)
    I2S_Cmd                                  0x080014cb   Thumb Code    24  stm32f10x_spi.o(.text)
    SPI_I2S_ITConfig                         0x080014e3   Thumb Code    32  stm32f10x_spi.o(.text)
    SPI_I2S_DMACmd                           0x08001503   Thumb Code    18  stm32f10x_spi.o(.text)
    SPI_I2S_SendData                         0x08001515   Thumb Code     4  stm32f10x_spi.o(.text)
    SPI_I2S_ReceiveData                      0x08001519   Thumb Code     6  stm32f10x_spi.o(.text)
    SPI_NSSInternalSoftwareConfig            0x0800151f   Thumb Code    30  stm32f10x_spi.o(.text)
    SPI_SSOutputCmd                          0x0800153d   Thumb Code    24  stm32f10x_spi.o(.text)
    SPI_DataSizeConfig                       0x08001555   Thumb Code    18  stm32f10x_spi.o(.text)
    SPI_TransmitCRC                          0x08001567   Thumb Code    10  stm32f10x_spi.o(.text)
    SPI_CalculateCRC                         0x08001571   Thumb Code    24  stm32f10x_spi.o(.text)
    SPI_GetCRC                               0x08001589   Thumb Code    16  stm32f10x_spi.o(.text)
    SPI_GetCRCPolynomial                     0x08001599   Thumb Code     6  stm32f10x_spi.o(.text)
    SPI_BiDirectionalLineConfig              0x0800159f   Thumb Code    28  stm32f10x_spi.o(.text)
    SPI_I2S_GetFlagStatus                    0x080015bb   Thumb Code    18  stm32f10x_spi.o(.text)
    SPI_I2S_ClearFlag                        0x080015cd   Thumb Code     6  stm32f10x_spi.o(.text)
    SPI_I2S_GetITStatus                      0x080015d3   Thumb Code    52  stm32f10x_spi.o(.text)
    SPI_I2S_ClearITPendingBit                0x08001607   Thumb Code    20  stm32f10x_spi.o(.text)
    TIM_DeInit                               0x08001629   Thumb Code   424  stm32f10x_tim.o(.text)
    TIM_TimeBaseInit                         0x080017d1   Thumb Code   122  stm32f10x_tim.o(.text)
    TIM_OC1Init                              0x0800184b   Thumb Code   132  stm32f10x_tim.o(.text)
    TIM_OC2Init                              0x080018cf   Thumb Code   154  stm32f10x_tim.o(.text)
    TIM_OC3Init                              0x08001969   Thumb Code   150  stm32f10x_tim.o(.text)
    TIM_OC4Init                              0x080019ff   Thumb Code   182  stm32f10x_tim.o(.text)
    TIM_SetIC4Prescaler                      0x08001ab5   Thumb Code    26  stm32f10x_tim.o(.text)
    TIM_SetIC3Prescaler                      0x08001b51   Thumb Code    18  stm32f10x_tim.o(.text)
    TIM_SetIC2Prescaler                      0x08001bdd   Thumb Code    26  stm32f10x_tim.o(.text)
    TIM_SetIC1Prescaler                      0x08001c79   Thumb Code    18  stm32f10x_tim.o(.text)
    TIM_ICInit                               0x08001cf7   Thumb Code   150  stm32f10x_tim.o(.text)
    TIM_PWMIConfig                           0x08001d8d   Thumb Code   124  stm32f10x_tim.o(.text)
    TIM_BDTRConfig                           0x08001e09   Thumb Code    32  stm32f10x_tim.o(.text)
    TIM_TimeBaseStructInit                   0x08001e29   Thumb Code    18  stm32f10x_tim.o(.text)
    TIM_OCStructInit                         0x08001e3b   Thumb Code    20  stm32f10x_tim.o(.text)
    TIM_ICStructInit                         0x08001e4f   Thumb Code    18  stm32f10x_tim.o(.text)
    TIM_BDTRStructInit                       0x08001e61   Thumb Code    40  stm32f10x_tim.o(.text)
    TIM_Cmd                                  0x08001e89   Thumb Code    24  stm32f10x_tim.o(.text)
    TIM_CtrlPWMOutputs                       0x08001ea1   Thumb Code    30  stm32f10x_tim.o(.text)
    TIM_ITConfig                             0x08001ebf   Thumb Code    18  stm32f10x_tim.o(.text)
    TIM_GenerateEvent                        0x08001ed1   Thumb Code     4  stm32f10x_tim.o(.text)
    TIM_DMAConfig                            0x08001ed5   Thumb Code    10  stm32f10x_tim.o(.text)
    TIM_DMACmd                               0x08001edf   Thumb Code    18  stm32f10x_tim.o(.text)
    TIM_InternalClockConfig                  0x08001ef1   Thumb Code    12  stm32f10x_tim.o(.text)
    TIM_SelectInputTrigger                   0x08001efd   Thumb Code    18  stm32f10x_tim.o(.text)
    TIM_ITRxExternalClockConfig              0x08001f0f   Thumb Code    24  stm32f10x_tim.o(.text)
    TIM_TIxExternalClockConfig               0x08001f27   Thumb Code    62  stm32f10x_tim.o(.text)
    TIM_ETRConfig                            0x08001f65   Thumb Code    28  stm32f10x_tim.o(.text)
    TIM_ETRClockMode1Config                  0x08001f81   Thumb Code    54  stm32f10x_tim.o(.text)
    TIM_ETRClockMode2Config                  0x08001fb7   Thumb Code    32  stm32f10x_tim.o(.text)
    TIM_PrescalerConfig                      0x08001fd7   Thumb Code     6  stm32f10x_tim.o(.text)
    TIM_CounterModeConfig                    0x08001fdd   Thumb Code    18  stm32f10x_tim.o(.text)
    TIM_EncoderInterfaceConfig               0x08001fef   Thumb Code    66  stm32f10x_tim.o(.text)
    TIM_ForcedOC1Config                      0x08002031   Thumb Code    18  stm32f10x_tim.o(.text)
    TIM_ForcedOC2Config                      0x08002043   Thumb Code    26  stm32f10x_tim.o(.text)
    TIM_ForcedOC3Config                      0x0800205d   Thumb Code    18  stm32f10x_tim.o(.text)
    TIM_ForcedOC4Config                      0x0800206f   Thumb Code    26  stm32f10x_tim.o(.text)
    TIM_ARRPreloadConfig                     0x08002089   Thumb Code    24  stm32f10x_tim.o(.text)
    TIM_SelectCOM                            0x080020a1   Thumb Code    24  stm32f10x_tim.o(.text)
    TIM_SelectCCDMA                          0x080020b9   Thumb Code    24  stm32f10x_tim.o(.text)
    TIM_CCPreloadControl                     0x080020d1   Thumb Code    24  stm32f10x_tim.o(.text)
    TIM_OC1PreloadConfig                     0x080020e9   Thumb Code    18  stm32f10x_tim.o(.text)
    TIM_OC2PreloadConfig                     0x080020fb   Thumb Code    26  stm32f10x_tim.o(.text)
    TIM_OC3PreloadConfig                     0x08002115   Thumb Code    18  stm32f10x_tim.o(.text)
    TIM_OC4PreloadConfig                     0x08002127   Thumb Code    26  stm32f10x_tim.o(.text)
    TIM_OC1FastConfig                        0x08002141   Thumb Code    18  stm32f10x_tim.o(.text)
    TIM_OC2FastConfig                        0x08002153   Thumb Code    26  stm32f10x_tim.o(.text)
    TIM_OC3FastConfig                        0x0800216d   Thumb Code    18  stm32f10x_tim.o(.text)
    TIM_OC4FastConfig                        0x0800217f   Thumb Code    26  stm32f10x_tim.o(.text)
    TIM_ClearOC1Ref                          0x08002199   Thumb Code    18  stm32f10x_tim.o(.text)
    TIM_ClearOC2Ref                          0x080021ab   Thumb Code    24  stm32f10x_tim.o(.text)
    TIM_ClearOC3Ref                          0x080021c3   Thumb Code    18  stm32f10x_tim.o(.text)
    TIM_ClearOC4Ref                          0x080021d5   Thumb Code    24  stm32f10x_tim.o(.text)
    TIM_OC1PolarityConfig                    0x080021ed   Thumb Code    18  stm32f10x_tim.o(.text)
    TIM_OC1NPolarityConfig                   0x080021ff   Thumb Code    18  stm32f10x_tim.o(.text)
    TIM_OC2PolarityConfig                    0x08002211   Thumb Code    26  stm32f10x_tim.o(.text)
    TIM_OC2NPolarityConfig                   0x0800222b   Thumb Code    26  stm32f10x_tim.o(.text)
    TIM_OC3PolarityConfig                    0x08002245   Thumb Code    26  stm32f10x_tim.o(.text)
    TIM_OC3NPolarityConfig                   0x0800225f   Thumb Code    26  stm32f10x_tim.o(.text)
    TIM_OC4PolarityConfig                    0x08002279   Thumb Code    26  stm32f10x_tim.o(.text)
    TIM_CCxCmd                               0x08002293   Thumb Code    30  stm32f10x_tim.o(.text)
    TIM_CCxNCmd                              0x080022b1   Thumb Code    30  stm32f10x_tim.o(.text)
    TIM_SelectOCxM                           0x080022cf   Thumb Code    82  stm32f10x_tim.o(.text)
    TIM_UpdateDisableConfig                  0x08002321   Thumb Code    24  stm32f10x_tim.o(.text)
    TIM_UpdateRequestConfig                  0x08002339   Thumb Code    24  stm32f10x_tim.o(.text)
    TIM_SelectHallSensor                     0x08002351   Thumb Code    24  stm32f10x_tim.o(.text)
    TIM_SelectOnePulseMode                   0x08002369   Thumb Code    18  stm32f10x_tim.o(.text)
    TIM_SelectOutputTrigger                  0x0800237b   Thumb Code    18  stm32f10x_tim.o(.text)
    TIM_SelectSlaveMode                      0x0800238d   Thumb Code    18  stm32f10x_tim.o(.text)
    TIM_SelectMasterSlaveMode                0x0800239f   Thumb Code    18  stm32f10x_tim.o(.text)
    TIM_SetCounter                           0x080023b1   Thumb Code     4  stm32f10x_tim.o(.text)
    TIM_SetAutoreload                        0x080023b5   Thumb Code     4  stm32f10x_tim.o(.text)
    TIM_SetCompare1                          0x080023b9   Thumb Code     4  stm32f10x_tim.o(.text)
    TIM_SetCompare2                          0x080023bd   Thumb Code     4  stm32f10x_tim.o(.text)
    TIM_SetCompare3                          0x080023c1   Thumb Code     4  stm32f10x_tim.o(.text)
    TIM_SetCompare4                          0x080023c5   Thumb Code     6  stm32f10x_tim.o(.text)
    TIM_SetClockDivision                     0x080023cb   Thumb Code    18  stm32f10x_tim.o(.text)
    TIM_GetCapture1                          0x080023dd   Thumb Code     6  stm32f10x_tim.o(.text)
    TIM_GetCapture2                          0x080023e3   Thumb Code     6  stm32f10x_tim.o(.text)
    TIM_GetCapture3                          0x080023e9   Thumb Code     6  stm32f10x_tim.o(.text)
    TIM_GetCapture4                          0x080023ef   Thumb Code     8  stm32f10x_tim.o(.text)
    TIM_GetCounter                           0x080023f7   Thumb Code     6  stm32f10x_tim.o(.text)
    TIM_GetPrescaler                         0x080023fd   Thumb Code     6  stm32f10x_tim.o(.text)
    TIM_GetFlagStatus                        0x08002403   Thumb Code    18  stm32f10x_tim.o(.text)
    TIM_ClearFlag                            0x08002415   Thumb Code     6  stm32f10x_tim.o(.text)
    TIM_GetITStatus                          0x0800241b   Thumb Code    34  stm32f10x_tim.o(.text)
    TIM_ClearITPendingBit                    0x0800243d   Thumb Code     6  stm32f10x_tim.o(.text)
    USART_DeInit                             0x08002445   Thumb Code   134  stm32f10x_usart.o(.text)
    USART_Init                               0x080024cb   Thumb Code   210  stm32f10x_usart.o(.text)
    USART_StructInit                         0x0800259d   Thumb Code    24  stm32f10x_usart.o(.text)
    USART_ClockInit                          0x080025b5   Thumb Code    34  stm32f10x_usart.o(.text)
    USART_ClockStructInit                    0x080025d7   Thumb Code    12  stm32f10x_usart.o(.text)
    USART_Cmd                                0x080025e3   Thumb Code    24  stm32f10x_usart.o(.text)
    USART_ITConfig                           0x080025fb   Thumb Code    74  stm32f10x_usart.o(.text)
    USART_DMACmd                             0x08002645   Thumb Code    18  stm32f10x_usart.o(.text)
    USART_SetAddress                         0x08002657   Thumb Code    18  stm32f10x_usart.o(.text)
    USART_WakeUpConfig                       0x08002669   Thumb Code    18  stm32f10x_usart.o(.text)
    USART_ReceiverWakeUpCmd                  0x0800267b   Thumb Code    24  stm32f10x_usart.o(.text)
    USART_LINBreakDetectLengthConfig         0x08002693   Thumb Code    18  stm32f10x_usart.o(.text)
    USART_LINCmd                             0x080026a5   Thumb Code    24  stm32f10x_usart.o(.text)
    USART_SendData                           0x080026bd   Thumb Code     8  stm32f10x_usart.o(.text)
    USART_ReceiveData                        0x080026c5   Thumb Code    10  stm32f10x_usart.o(.text)
    USART_SendBreak                          0x080026cf   Thumb Code    10  stm32f10x_usart.o(.text)
    USART_SetGuardTime                       0x080026d9   Thumb Code    16  stm32f10x_usart.o(.text)
    USART_SetPrescaler                       0x080026e9   Thumb Code    16  stm32f10x_usart.o(.text)
    USART_SmartCardCmd                       0x080026f9   Thumb Code    24  stm32f10x_usart.o(.text)
    USART_SmartCardNACKCmd                   0x08002711   Thumb Code    24  stm32f10x_usart.o(.text)
    USART_HalfDuplexCmd                      0x08002729   Thumb Code    24  stm32f10x_usart.o(.text)
    USART_OverSampling8Cmd                   0x08002741   Thumb Code    22  stm32f10x_usart.o(.text)
    USART_OneBitMethodCmd                    0x08002757   Thumb Code    24  stm32f10x_usart.o(.text)
    USART_IrDAConfig                         0x0800276f   Thumb Code    18  stm32f10x_usart.o(.text)
    USART_IrDACmd                            0x08002781   Thumb Code    24  stm32f10x_usart.o(.text)
    USART_GetFlagStatus                      0x08002799   Thumb Code    26  stm32f10x_usart.o(.text)
    USART_ClearFlag                          0x080027b3   Thumb Code    18  stm32f10x_usart.o(.text)
    USART_GetITStatus                        0x080027c5   Thumb Code    84  stm32f10x_usart.o(.text)
    USART_ClearITPendingBit                  0x08002819   Thumb Code    52  stm32f10x_usart.o(.text)
    main                                     0x0800284d   Thumb Code    74  main.o(.text)
    NMI_Handler                              0x080028ad   Thumb Code     2  stm32f10x_it.o(.text)
    HardFault_Handler                        0x080028af   Thumb Code     4  stm32f10x_it.o(.text)
    MemManage_Handler                        0x080028b3   Thumb Code     4  stm32f10x_it.o(.text)
    BusFault_Handler                         0x080028b7   Thumb Code     4  stm32f10x_it.o(.text)
    UsageFault_Handler                       0x080028bb   Thumb Code     4  stm32f10x_it.o(.text)
    SVC_Handler                              0x080028bf   Thumb Code     2  stm32f10x_it.o(.text)
    DebugMon_Handler                         0x080028c1   Thumb Code     2  stm32f10x_it.o(.text)
    PendSV_Handler                           0x080028c3   Thumb Code     2  stm32f10x_it.o(.text)
    SysTick_Handler                          0x080028c5   Thumb Code     2  stm32f10x_it.o(.text)
    RTC_IRQHandler                           0x080028c7   Thumb Code   168  stm32f10x_it.o(.text)
    TIM6_IRQHandler                          0x0800296f   Thumb Code  1056  stm32f10x_it.o(.text)
    EXTI9_5_IRQHandler                       0x08002d8f   Thumb Code  2138  stm32f10x_it.o(.text)
    GetMoonDay                               0x080035e9   Thumb Code   282  bsp_calendar.o(.text)
    GetChinaCalendar                         0x08003703   Thumb Code   506  bsp_calendar.o(.text)
    GetSkyEarth                              0x080038fd   Thumb Code    56  bsp_calendar.o(.text)
    StrCopy                                  0x08003935   Thumb Code    24  bsp_calendar.o(.text)
    GetChinaCalendarStr                      0x0800394d   Thumb Code   296  bsp_calendar.o(.text)
    GetJieQi                                 0x08003a75   Thumb Code   158  bsp_calendar.o(.text)
    GetJieQiStr                              0x08003b13   Thumb Code   300  bsp_calendar.o(.text)
    GregorianDay                             0x08003c6d   Thumb Code   146  bsp_date.o(.text)
    mktimev                                  0x08003cff   Thumb Code   120  bsp_date.o(.text)
    to_tm                                    0x08003d77   Thumb Code   194  bsp_date.o(.text)
    RTC_NVIC_Config                          0x08003e49   Thumb Code    38  bsp_rtc.o(.text)
    RTC_Configuration                        0x08003e6f   Thumb Code    88  bsp_rtc.o(.text)
    Time_Adjust                              0x08003ec7   Thumb Code    40  bsp_rtc.o(.text)
    RTC_CheckAndConfig                       0x08003eef   Thumb Code   140  bsp_rtc.o(.text)
    Time_Regulate_Get                        0x08003f7b   Thumb Code   452  bsp_rtc.o(.text)
    Time_Display                             0x0800413f   Thumb Code   234  bsp_rtc.o(.text)
    Time_Show                                0x08004229   Thumb Code    32  bsp_rtc.o(.text)
    oled_page_display                        0x08004249   Thumb Code  1262  bsp_rtc.o(.text)
    USART_Config                             0x08004845   Thumb Code   120  bsp_usart.o(.text)
    fputc                                    0x080048bd   Thumb Code    32  bsp_usart.o(.text)
    fgetc                                    0x080048dd   Thumb Code    26  bsp_usart.o(.text)
    I2C_Configuration                        0x08004901   Thumb Code   118  oled_i2c.o(.text)
    I2C_WriteByte                            0x08004977   Thumb Code   126  oled_i2c.o(.text)
    WriteCmd                                 0x080049f5   Thumb Code    14  oled_i2c.o(.text)
    WriteDat                                 0x08004a03   Thumb Code    14  oled_i2c.o(.text)
    OLED_Init                                0x08004a11   Thumb Code   178  oled_i2c.o(.text)
    OLED_SetPos                              0x08004ac3   Thumb Code    40  oled_i2c.o(.text)
    OLED_Fill                                0x08004aeb   Thumb Code    58  oled_i2c.o(.text)
    OLED_CLS                                 0x08004b25   Thumb Code    10  oled_i2c.o(.text)
    OLED_ON                                  0x08004b2f   Thumb Code    22  oled_i2c.o(.text)
    OLED_OFF                                 0x08004b45   Thumb Code    22  oled_i2c.o(.text)
    OLED_ShowStr                             0x08004b5b   Thumb Code   228  oled_i2c.o(.text)
    OLED_ShowCN                              0x08004c3f   Thumb Code    80  oled_i2c.o(.text)
    OLED_Show_Numphoto                       0x08004c8f   Thumb Code   116  oled_i2c.o(.text)
    OLED_DispChar_CH                         0x08004d03   Thumb Code   128  oled_i2c.o(.text)
    OLED_DisString_CH                        0x08004d83   Thumb Code    50  oled_i2c.o(.text)
    OLED_DrawBMP                             0x08004db5   Thumb Code   116  oled_i2c.o(.text)
    Delay_ms                                 0x08004e75   Thumb Code    54  bsp_systick.o(.text)
    Delay_s                                  0x08004eab   Thumb Code    24  bsp_systick.o(.text)
    Delay_us                                 0x08004ec3   Thumb Code    54  bsp_systick.o(.text)
    KEY_GPIO_Config                          0x08004f2f   Thumb Code   214  key.o(.text)
    BASIC_TIM_Init                           0x08005071   Thumb Code    12  bsp_timbase.o(.text)
    Beep_Config                              0x08005081   Thumb Code    48  bsp_beep .o(.text)
    Sound                                    0x080050b1   Thumb Code    60  bsp_beep .o(.text)
    Sound2                                   0x080050ed   Thumb Code    38  bsp_beep .o(.text)
    play_successful                          0x08005113   Thumb Code    28  bsp_beep .o(.text)
    play_failed                              0x0800512f   Thumb Code    40  bsp_beep .o(.text)
    DHT11_Init                               0x0800518b   Thumb Code    16  bsp_dht11.o(.text)
    DHT11_Read_TempAndHumidity               0x0800522b   Thumb Code   154  bsp_dht11.o(.text)
    GetGBKCode_from_EXFlash                  0x080052c9   Thumb Code    82  fonts.o(.text)
    SPI_FLASH_Init                           0x08005329   Thumb Code   178  bsp_spi_flash.o(.text)
    SPI_FLASH_SendByte                       0x080053eb   Thumb Code   110  bsp_spi_flash.o(.text)
    SPI_FLASH_WaitForWriteEnd                0x08005459   Thumb Code    46  bsp_spi_flash.o(.text)
    SPI_FLASH_WriteEnable                    0x08005487   Thumb Code    26  bsp_spi_flash.o(.text)
    SPI_FLASH_SectorErase                    0x080054a1   Thumb Code    62  bsp_spi_flash.o(.text)
    SPI_FLASH_BulkErase                      0x080054df   Thumb Code    34  bsp_spi_flash.o(.text)
    SPI_FLASH_PageWrite                      0x08005501   Thumb Code    98  bsp_spi_flash.o(.text)
    SPI_FLASH_BufferWrite                    0x08005563   Thumb Code   290  bsp_spi_flash.o(.text)
    SPI_FLASH_BufferRead                     0x08005685   Thumb Code    76  bsp_spi_flash.o(.text)
    SPI_FLASH_ReadID                         0x080056d1   Thumb Code    74  bsp_spi_flash.o(.text)
    SPI_FLASH_ReadDeviceID                   0x0800571b   Thumb Code   174  bsp_spi_flash.o(.text)
    SPI_FLASH_StartReadSequence              0x080057c9   Thumb Code    42  bsp_spi_flash.o(.text)
    SPI_FLASH_ReadByte                       0x080057f3   Thumb Code    10  bsp_spi_flash.o(.text)
    SPI_FLASH_SendHalfWord                   0x080057fd   Thumb Code   104  bsp_spi_flash.o(.text)
    SPI_Flash_PowerDown                      0x08005865   Thumb Code    26  bsp_spi_flash.o(.text)
    SPI_Flash_WAKEUP                         0x0800587f   Thumb Code    26  bsp_spi_flash.o(.text)
    __aeabi_memcpy                           0x080058a5   Thumb Code    36  memcpya.o(.text)
    __aeabi_memcpy4                          0x080058a5   Thumb Code     0  memcpya.o(.text)
    __aeabi_memcpy8                          0x080058a5   Thumb Code     0  memcpya.o(.text)
    __0scanf                                 0x080058c9   Thumb Code    26  __0scanf.o(.text)
    _scanf_int                               0x080058e9   Thumb Code   332  _scanf_int.o(.text)
    __aeabi_uidiv                            0x08005a35   Thumb Code     0  uidiv.o(.text)
    __aeabi_uidivmod                         0x08005a35   Thumb Code    44  uidiv.o(.text)
    _chval                                   0x08005a61   Thumb Code    28  _chval.o(.text)
    __vfscanf_char_file                      0x08005a7d   Thumb Code    12  scanf_char_file.o(.text)
    __scatterload                            0x08005a91   Thumb Code    28  init.o(.text)
    __scatterload_rt2                        0x08005a91   Thumb Code     0  init.o(.text)
    _fgetc$bs                                0x08005ab5   Thumb Code    28  fgetc_b.o(.text)
    __backspace                              0x08005ad1   Thumb Code    10  fgetc_b.o(.text)
    __vfscanf_char                           0x08005aed   Thumb Code    20  scanf_char.o(.text)
    __semihosting_library_function           0x08005b09   Thumb Code     0  semi.o(.text)
    isspace                                  0x08005b09   Thumb Code    10  isspace_c.o(.text)
    __vfscanf                                0x08005b15   Thumb Code   808  _scanf.o(.text)
    __I$use$semihosting$fgetc                0x08005e41   Thumb Code     0  iusesemig.o(.text)
    __ctype_lookup                           0x08005e41   Thumb Code    34  ctype_c.o(.text)
    __decompress                             0x08005e69   Thumb Code     0  __dczerorl2.o(.text)
    __decompress1                            0x08005e69   Thumb Code    86  __dczerorl2.o(.text)
    __0printf$3                              0x08005ec1   Thumb Code    22  printf3.o(i.__0printf$3)
    __1printf$3                              0x08005ec1   Thumb Code     0  printf3.o(i.__0printf$3)
    __2printf                                0x08005ec1   Thumb Code     0  printf3.o(i.__0printf$3)
    __0sprintf$3                             0x08005ee1   Thumb Code    34  printf3.o(i.__0sprintf$3)
    __1sprintf$3                             0x08005ee1   Thumb Code     0  printf3.o(i.__0sprintf$3)
    __2sprintf                               0x08005ee1   Thumb Code     0  printf3.o(i.__0sprintf$3)
    __scatterload_copy                       0x08005f09   Thumb Code    14  handlers.o(i.__scatterload_copy)
    __scatterload_null                       0x08005f17   Thumb Code     2  handlers.o(i.__scatterload_null)
    __scatterload_zeroinit                   0x08005f19   Thumb Code    14  handlers.o(i.__scatterload_zeroinit)
    year_code                                0x080060ea   Data         597  bsp_calendar.o(.constdata)
    YearMonthBit                             0x0800633f   Data         153  bsp_calendar.o(.constdata)
    days                                     0x080063d8   Data          24  bsp_calendar.o(.constdata)
    day_code1                                0x080063f0   Data           9  bsp_calendar.o(.constdata)
    day_code2                                0x080063fa   Data           6  bsp_calendar.o(.constdata)
    table_week                               0x08006400   Data          12  bsp_calendar.o(.constdata)
    F6x8                                     0x08006448   Data         552  oled_i2c.o(.constdata)
    F8X16                                    0x08006670   Data        1520  oled_i2c.o(.constdata)
    ASCII8x16_Table                          0x08006c60   Data        1520  fonts.o(.constdata)
    ASCII16x24_Table                         0x08007250   Data        4560  fonts.o(.constdata)
    ASCII24x32_Table                         0x08008420   Data        9120  fonts.o(.constdata)
    __ctype_categories                       0x0800a7c0   Data          64  ctype_c.o(.constdata)
    Region$$Table$$Base                      0x0800ac04   Number         0  anon$$obj.o(Region$$Table)
    Region$$Table$$Limit                     0x0800ac24   Number         0  anon$$obj.o(Region$$Table)
    SystemCoreClock                          0x20000000   Data           4  system_stm32f10x.o(.data)
    AHBPrescTable                            0x20000004   Data          16  system_stm32f10x.o(.data)
    alarm_flag                               0x20000028   Data           1  main.o(.data)
    stopwatch_flag                           0x20000029   Data           1  main.o(.data)
    page                                     0x2000002a   Data           1  main.o(.data)
    page_before                              0x2000002b   Data           1  main.o(.data)
    next                                     0x2000002c   Data           1  main.o(.data)
    back_page                                0x2000002d   Data           1  main.o(.data)
    alarm_ring                               0x2000002e   Data           1  main.o(.data)
    i                                        0x20000030   Data           4  main.o(.data)
    systmtime                                0x20000034   Data          28  main.o(.data)
    time_set                                 0x20000050   Data          28  main.o(.data)
    alarm_time                               0x2000006c   Data          28  main.o(.data)
    stopwatch_time                           0x20000088   Data          28  main.o(.data)
    dht11_data                               0x200000a4   Data           5  main.o(.data)
    first_in                                 0x200000a9   Data           1  stm32f10x_it.o(.data)
    set_select                               0x200000aa   Data           1  stm32f10x_it.o(.data)
    JieQiStr                                 0x200000ac   Data          96  bsp_calendar.o(.data)
    sky                                      0x2000010c   Data          40  bsp_calendar.o(.data)
    earth                                    0x20000134   Data          48  bsp_calendar.o(.data)
    monthcode                                0x20000164   Data          48  bsp_calendar.o(.data)
    nongliday                                0x20000194   Data          16  bsp_calendar.o(.data)
    TimeDisplay                              0x200001d4   Data           4  bsp_rtc.o(.data)
    WEEK_STR                                 0x200001d8   Data          28  bsp_rtc.o(.data)
    zodiac_sign                              0x200001f4   Data          48  bsp_rtc.o(.data)
    en_WEEK_STR                              0x20000224   Data          28  bsp_rtc.o(.data)
    en_zodiac_sign                           0x20000240   Data          48  bsp_rtc.o(.data)
    F16x16                                   0x20000274   Data         128  oled_i2c.o(.data)
    Nun_photo                                0x200002f4   Data         720  oled_i2c.o(.data)
    BMP1                                     0x200005c4   Data        1024  oled_i2c.o(.data)
    melody                                   0x200009c4   Data          48  bsp_beep .o(.data)
    Font8x16                                 0x200009f4   Data           8  fonts.o(.data)
    Font16x24                                0x200009fc   Data           8  fonts.o(.data)
    Font24x32                                0x20000a04   Data           8  fonts.o(.data)
    __stdin                                  0x20000a18   Data           4  stdin.o(.data)
    __stdout                                 0x20000a1c   Data           4  stdout.o(.data)
    str_day                                  0x20000a24   Data          15  main.o(.bss)
    str_time                                 0x20000a33   Data          15  main.o(.bss)
    str_time_set                             0x20000a42   Data          15  main.o(.bss)
    str_day_set                              0x20000a51   Data          15  main.o(.bss)
    str_alarm_time                           0x20000a60   Data          15  main.o(.bss)
    str_stop_time                            0x20000a6f   Data          15  main.o(.bss)
    str_tempandhumidity                      0x20000a7e   Data          20  main.o(.bss)
    __initial_sp                             0x20000e98   Data           0  startup_stm32f10x_hd.o(STACK)



==============================================================================

Memory Map of the image

  Image Entry point : 0x08000131

  Load Region LR_IROM1 (Base: 0x08000000, Size: 0x0000b648, Max: 0x00080000, ABSOLUTE, COMPRESSED[0x0000afd0])

    Execution Region ER_IROM1 (Exec base: 0x08000000, Load base: 0x08000000, Size: 0x0000ac24, Max: 0x00080000, ABSOLUTE)

    Exec Addr    Load Addr    Size         Type   Attr      Idx    E Section Name        Object

    0x08000000   0x08000000   0x00000130   Data   RO            3    RESET               startup_stm32f10x_hd.o
    0x08000130   0x08000130   0x00000000   Code   RO          689  * .ARM.Collect$$$$00000000  mc_w.l(entry.o)
    0x08000130   0x08000130   0x00000004   Code   RO          965    .ARM.Collect$$$$00000001  mc_w.l(entry2.o)
    0x08000134   0x08000134   0x00000004   Code   RO          968    .ARM.Collect$$$$00000004  mc_w.l(entry5.o)
    0x08000138   0x08000138   0x00000000   Code   RO          970    .ARM.Collect$$$$00000008  mc_w.l(entry7b.o)
    0x08000138   0x08000138   0x00000000   Code   RO          972    .ARM.Collect$$$$0000000A  mc_w.l(entry8b.o)
    0x08000138   0x08000138   0x00000008   Code   RO          973    .ARM.Collect$$$$0000000B  mc_w.l(entry9a.o)
    0x08000140   0x08000140   0x00000000   Code   RO          975    .ARM.Collect$$$$0000000D  mc_w.l(entry10a.o)
    0x08000140   0x08000140   0x00000000   Code   RO          977    .ARM.Collect$$$$0000000F  mc_w.l(entry11a.o)
    0x08000140   0x08000140   0x00000004   Code   RO          966    .ARM.Collect$$$$00002712  mc_w.l(entry2.o)
    0x08000144   0x08000144   0x00000024   Code   RO            4    .text               startup_stm32f10x_hd.o
    0x08000168   0x08000168   0x000001e0   Code   RO           24    .text               system_stm32f10x.o
    0x08000348   0x08000348   0x000000dc   Code   RO          121    .text               misc.o
    0x08000424   0x08000424   0x000000c4   Code   RO          149    .text               stm32f10x_bkp.o
    0x080004e8   0x080004e8   0x0000011c   Code   RO          233    .text               stm32f10x_exti.o
    0x08000604   0x08000604   0x0000035c   Code   RO          269    .text               stm32f10x_gpio.o
    0x08000960   0x08000960   0x00000404   Code   RO          281    .text               stm32f10x_i2c.o
    0x08000d64   0x08000d64   0x000000cc   Code   RO          305    .text               stm32f10x_pwr.o
    0x08000e30   0x08000e30   0x000003a4   Code   RO          317    .text               stm32f10x_rcc.o
    0x080011d4   0x080011d4   0x00000148   Code   RO          331    .text               stm32f10x_rtc.o
    0x0800131c   0x0800131c   0x0000030c   Code   RO          355    .text               stm32f10x_spi.o
    0x08001628   0x08001628   0x00000e1a   Code   RO          367    .text               stm32f10x_tim.o
    0x08002442   0x08002442   0x00000002   PAD
    0x08002444   0x08002444   0x00000408   Code   RO          379    .text               stm32f10x_usart.o
    0x0800284c   0x0800284c   0x00000060   Code   RO          403    .text               main.o
    0x080028ac   0x080028ac   0x00000d3c   Code   RO          454    .text               stm32f10x_it.o
    0x080035e8   0x080035e8   0x00000684   Code   RO          473    .text               bsp_calendar.o
    0x08003c6c   0x08003c6c   0x000001dc   Code   RO          490    .text               bsp_date.o
    0x08003e48   0x08003e48   0x000009fc   Code   RO          505    .text               bsp_rtc.o
    0x08004844   0x08004844   0x000000bc   Code   RO          522    .text               bsp_usart.o
    0x08004900   0x08004900   0x00000528   Code   RO          534    .text               oled_i2c.o
    0x08004e28   0x08004e28   0x000000dc   Code   RO          557    .text               bsp_systick.o
    0x08004f04   0x08004f04   0x00000104   Code   RO          573    .text               key.o
    0x08005008   0x08005008   0x00000078   Code   RO          585    .text               bsp_timbase.o
    0x08005080   0x08005080   0x000000e4   Code   RO          597    .text               bsp_beep .o
    0x08005164   0x08005164   0x00000164   Code   RO          615    .text               bsp_dht11.o
    0x080052c8   0x080052c8   0x00000060   Code   RO          627    .text               fonts.o
    0x08005328   0x08005328   0x0000057c   Code   RO          675    .text               bsp_spi_flash.o
    0x080058a4   0x080058a4   0x00000024   Code   RO          692    .text               mc_w.l(memcpya.o)
    0x080058c8   0x080058c8   0x00000020   Code   RO          961    .text               mc_w.l(__0scanf.o)
    0x080058e8   0x080058e8   0x0000014c   Code   RO          963    .text               mc_w.l(_scanf_int.o)
    0x08005a34   0x08005a34   0x0000002c   Code   RO          981    .text               mc_w.l(uidiv.o)
    0x08005a60   0x08005a60   0x0000001c   Code   RO          987    .text               mc_w.l(_chval.o)
    0x08005a7c   0x08005a7c   0x00000014   Code   RO          989    .text               mc_w.l(scanf_char_file.o)
    0x08005a90   0x08005a90   0x00000024   Code   RO         1002    .text               mc_w.l(init.o)
    0x08005ab4   0x08005ab4   0x0000002c   Code   RO         1004    .text               mc_w.l(fgetc_b.o)
    0x08005ae0   0x08005ae0   0x00000028   Code   RO         1013    .text               mc_w.l(scanf_char.o)
    0x08005b08   0x08005b08   0x00000000   Code   RO         1017    .text               mc_w.l(semi.o)
    0x08005b08   0x08005b08   0x0000000a   Code   RO         1018    .text               mc_w.l(isspace_c.o)
    0x08005b12   0x08005b12   0x00000002   PAD
    0x08005b14   0x08005b14   0x0000032c   Code   RO         1020    .text               mc_w.l(_scanf.o)
    0x08005e40   0x08005e40   0x00000000   Code   RO         1022    .text               mc_w.l(iusesemig.o)
    0x08005e40   0x08005e40   0x00000028   Code   RO         1023    .text               mc_w.l(ctype_c.o)
    0x08005e68   0x08005e68   0x00000056   Code   RO         1034    .text               mc_w.l(__dczerorl2.o)
    0x08005ebe   0x08005ebe   0x00000002   PAD
    0x08005ec0   0x08005ec0   0x00000020   Code   RO          789    i.__0printf$3       mc_w.l(printf3.o)
    0x08005ee0   0x08005ee0   0x00000028   Code   RO          791    i.__0sprintf$3      mc_w.l(printf3.o)
    0x08005f08   0x08005f08   0x0000000e   Code   RO         1028    i.__scatterload_copy  mc_w.l(handlers.o)
    0x08005f16   0x08005f16   0x00000002   Code   RO         1029    i.__scatterload_null  mc_w.l(handlers.o)
    0x08005f18   0x08005f18   0x0000000e   Code   RO         1030    i.__scatterload_zeroinit  mc_w.l(handlers.o)
    0x08005f26   0x08005f26   0x00000002   PAD
    0x08005f28   0x08005f28   0x000001b8   Code   RO          796    i._printf_core      mc_w.l(printf3.o)
    0x080060e0   0x080060e0   0x0000000a   Code   RO          798    i._sputc            mc_w.l(printf3.o)
    0x080060ea   0x080060ea   0x0000032e   Data   RO          474    .constdata          bsp_calendar.o
    0x08006418   0x08006418   0x00000030   Data   RO          491    .constdata          bsp_date.o
    0x08006448   0x08006448   0x00000818   Data   RO          535    .constdata          oled_i2c.o
    0x08006c60   0x08006c60   0x00003b60   Data   RO          628    .constdata          fonts.o
    0x0800a7c0   0x0800a7c0   0x00000040   Data   RO         1024    .constdata          mc_w.l(ctype_c.o)
    0x0800a800   0x0800a800   0x0000014f   Data   RO          475    .conststring        bsp_calendar.o
    0x0800a94f   0x0800a94f   0x00000001   PAD
    0x0800a950   0x0800a950   0x000002b3   Data   RO          506    .conststring        bsp_rtc.o
    0x0800ac03   0x0800ac03   0x00000001   PAD
    0x0800ac04   0x0800ac04   0x00000020   Data   RO         1026    Region$$Table       anon$$obj.o


    Execution Region RW_IRAM1 (Exec base: 0x20000000, Load base: 0x0800ac24, Size: 0x00000e98, Max: 0x00010000, ABSOLUTE, COMPRESSED[0x000003ac])

    Exec Addr    Load Addr    Size         Type   Attr      Idx    E Section Name        Object

    0x20000000   COMPRESSED   0x00000014   Data   RW           25    .data               system_stm32f10x.o
    0x20000014   COMPRESSED   0x00000014   Data   RW          318    .data               stm32f10x_rcc.o
    0x20000028   COMPRESSED   0x00000081   Data   RW          405    .data               main.o
    0x200000a9   COMPRESSED   0x00000002   Data   RW          455    .data               stm32f10x_it.o
    0x200000ab   COMPRESSED   0x00000001   PAD
    0x200000ac   COMPRESSED   0x000000f8   Data   RW          476    .data               bsp_calendar.o
    0x200001a4   COMPRESSED   0x00000030   Data   RW          492    .data               bsp_date.o
    0x200001d4   COMPRESSED   0x000000a0   Data   RW          507    .data               bsp_rtc.o
    0x20000274   COMPRESSED   0x00000750   Data   RW          536    .data               oled_i2c.o
    0x200009c4   COMPRESSED   0x00000030   Data   RW          598    .data               bsp_beep .o
    0x200009f4   COMPRESSED   0x00000020   Data   RW          629    .data               fonts.o
    0x20000a14   COMPRESSED   0x00000004   Data   RW          676    .data               bsp_spi_flash.o
    0x20000a18   COMPRESSED   0x00000004   Data   RW          979    .data               mc_w.l(stdin.o)
    0x20000a1c   COMPRESSED   0x00000004   Data   RW          980    .data               mc_w.l(stdout.o)
    0x20000a20   COMPRESSED   0x00000003   Data   RW         1005    .data               mc_w.l(fgetc_b.o)
    0x20000a23   COMPRESSED   0x00000001   PAD
    0x20000a24        -       0x0000006e   Zero   RW          404    .bss                main.o
    0x20000a92   COMPRESSED   0x00000006   PAD
    0x20000a98        -       0x00000400   Zero   RW            1    STACK               startup_stm32f10x_hd.o


==============================================================================

Image component sizes


      Code (inc. data)   RO Data    RW Data    ZI Data      Debug   Object Name

       228         14          0         48          0       1748   bsp_beep .o
      1668        102       1149        248          0       5103   bsp_calendar.o
       476         16         48         48          0       1929   bsp_date.o
       356          4          0          0          0       1884   bsp_dht11.o
      2556        838        691        160          0       4179   bsp_rtc.o
      1404        128          0          4          0       5184   bsp_spi_flash.o
       220         12          0          0          0      16367   bsp_systick.o
       120          4          0          0          0        797   bsp_timbase.o
       188         10          0          0          0       1015   bsp_usart.o
         0          0          0          0          0       4500   core_cm3.o
        96         14      15200         32          0       2848   fonts.o
       260          4          0          0          0        782   key.o
        96         22          0        129        110       4633   main.o
       220         22          0          0          0       1813   misc.o
      1320         38       2072       1872          0       5381   oled_i2c.o
        36          8        304          0       1024        864   startup_stm32f10x_hd.o
       196          8          0          0          0       3512   stm32f10x_bkp.o
       284         10          0          0          0       2271   stm32f10x_exti.o
       860         38          0          0          0       5745   stm32f10x_gpio.o
      1028         16          0          0          0       9239   stm32f10x_i2c.o
      3388        248          0          2          0       3818   stm32f10x_it.o
       204         14          0          0          0       1955   stm32f10x_pwr.o
       932         36          0         20          0       8928   stm32f10x_rcc.o
       328          4          0          0          0       2730   stm32f10x_rtc.o
       780         14          0          0          0       6630   stm32f10x_spi.o
      3610         88          0          0          0      22856   stm32f10x_tim.o
      1032         22          0          0          0       8472   stm32f10x_usart.o
       480         38          0         20          0     267371   system_stm32f10x.o

    ----------------------------------------------------------------------
     22368       1772      19498       2584       1140     402554   Object Totals
         0          0         32          0          0          0   (incl. Generated)
         2          0          2          1          6          0   (incl. Padding)

    ----------------------------------------------------------------------

      Code (inc. data)   RO Data    RW Data    ZI Data      Debug   Library Member Name

        32          6          0          0          0         84   __0scanf.o
        86          0          0          0          0          0   __dczerorl2.o
        28          0          0          0          0         68   _chval.o
       812          4          0          0          0        112   _scanf.o
       332          0          0          0          0         96   _scanf_int.o
        40          6         64          0          0         68   ctype_c.o
         0          0          0          0          0          0   entry.o
         0          0          0          0          0          0   entry10a.o
         0          0          0          0          0          0   entry11a.o
         8          4          0          0          0          0   entry2.o
         4          0          0          0          0          0   entry5.o
         0          0          0          0          0          0   entry7b.o
         0          0          0          0          0          0   entry8b.o
         8          4          0          0          0          0   entry9a.o
        44          6          0          3          0        144   fgetc_b.o
        30          0          0          0          0          0   handlers.o
        36          8          0          0          0         68   init.o
        10          0          0          0          0         68   isspace_c.o
         0          0          0          0          0          0   iusesemig.o
        36          0          0          0          0         68   memcpya.o
       522         20          0          0          0        336   printf3.o
        40          8          0          0          0         84   scanf_char.o
        20          8          0          0          0         68   scanf_char_file.o
         0          0          0          0          0          0   semi.o
         0          0          0          4          0          0   stdin.o
         0          0          0          4          0          0   stdout.o
        44          0          0          0          0         80   uidiv.o

    ----------------------------------------------------------------------
      2138         74         64         12          0       1344   Library Totals
         6          0          0          1          0          0   (incl. Padding)

    ----------------------------------------------------------------------

      Code (inc. data)   RO Data    RW Data    ZI Data      Debug   Library Name

      2132         74         64         11          0       1344   mc_w.l

    ----------------------------------------------------------------------
      2138         74         64         12          0       1344   Library Totals

    ----------------------------------------------------------------------

==============================================================================


      Code (inc. data)   RO Data    RW Data    ZI Data      Debug   

     24506       1846      19562       2596       1140     401010   Grand Totals
     24506       1846      19562        940       1140     401010   ELF Image Totals (compressed)
     24506       1846      19562        940          0          0   ROM Totals

==============================================================================

    Total RO  Size (Code + RO Data)                44068 (  43.04kB)
    Total RW  Size (RW Data + ZI Data)              3736 (   3.65kB)
    Total ROM Size (Code + RO Data + RW Data)      45008 (  43.95kB)

==============================================================================

